Archive member included to satisfy reference by file (symbol)

F:/CodeForge/STM32CubeIDE_2.1.0/STM32CubeIDE/plugins/com.st.stm32cube.ide.mcu.externaltools.gnu-tools-for-stm32.14.3.rel1.win32_1.0.100.202602081740/tools/bin/../lib/gcc/arm-none-eabi/14.3.1/../../../../arm-none-eabi/lib/thumb/v7e-m/nofp\libc_nano.a(libc_a-exit.o)
                              F:/CodeForge/STM32CubeIDE_2.1.0/STM32CubeIDE/plugins/com.st.stm32cube.ide.mcu.externaltools.gnu-tools-for-stm32.14.3.rel1.win32_1.0.100.202602081740/tools/bin/../lib/gcc/arm-none-eabi/14.3.1/../../../../arm-none-eabi/lib/thumb/v7e-m/nofp/crt0.o (exit)
F:/CodeForge/STM32CubeIDE_2.1.0/STM32CubeIDE/plugins/com.st.stm32cube.ide.mcu.externaltools.gnu-tools-for-stm32.14.3.rel1.win32_1.0.100.202602081740/tools/bin/../lib/gcc/arm-none-eabi/14.3.1/../../../../arm-none-eabi/lib/thumb/v7e-m/nofp\libc_nano.a(libc_a-findfp.o)
                              F:/CodeForge/STM32CubeIDE_2.1.0/STM32CubeIDE/plugins/com.st.stm32cube.ide.mcu.externaltools.gnu-tools-for-stm32.14.3.rel1.win32_1.0.100.202602081740/tools/bin/../lib/gcc/arm-none-eabi/14.3.1/../../../../arm-none-eabi/lib/thumb/v7e-m/nofp\libc_nano.a(libc_a-exit.o) (__stdio_exit_handler)
F:/CodeForge/STM32CubeIDE_2.1.0/STM32CubeIDE/plugins/com.st.stm32cube.ide.mcu.externaltools.gnu-tools-for-stm32.14.3.rel1.win32_1.0.100.202602081740/tools/bin/../lib/gcc/arm-none-eabi/14.3.1/../../../../arm-none-eabi/lib/thumb/v7e-m/nofp\libc_nano.a(libc_a-fwalk.o)
                              F:/CodeForge/STM32CubeIDE_2.1.0/STM32CubeIDE/plugins/com.st.stm32cube.ide.mcu.externaltools.gnu-tools-for-stm32.14.3.rel1.win32_1.0.100.202602081740/tools/bin/../lib/gcc/arm-none-eabi/14.3.1/../../../../arm-none-eabi/lib/thumb/v7e-m/nofp\libc_nano.a(libc_a-findfp.o) (_fwalk_sglue)
F:/CodeForge/STM32CubeIDE_2.1.0/STM32CubeIDE/plugins/com.st.stm32cube.ide.mcu.externaltools.gnu-tools-for-stm32.14.3.rel1.win32_1.0.100.202602081740/tools/bin/../lib/gcc/arm-none-eabi/14.3.1/../../../../arm-none-eabi/lib/thumb/v7e-m/nofp\libc_nano.a(libc_a-stdio.o)
                              F:/CodeForge/STM32CubeIDE_2.1.0/STM32CubeIDE/plugins/com.st.stm32cube.ide.mcu.externaltools.gnu-tools-for-stm32.14.3.rel1.win32_1.0.100.202602081740/tools/bin/../lib/gcc/arm-none-eabi/14.3.1/../../../../arm-none-eabi/lib/thumb/v7e-m/nofp\libc_nano.a(libc_a-findfp.o) (__sread)
F:/CodeForge/STM32CubeIDE_2.1.0/STM32CubeIDE/plugins/com.st.stm32cube.ide.mcu.externaltools.gnu-tools-for-stm32.14.3.rel1.win32_1.0.100.202602081740/tools/bin/../lib/gcc/arm-none-eabi/14.3.1/../../../../arm-none-eabi/lib/thumb/v7e-m/nofp\libc_nano.a(libc_a-memset.o)
                              F:/CodeForge/STM32CubeIDE_2.1.0/STM32CubeIDE/plugins/com.st.stm32cube.ide.mcu.externaltools.gnu-tools-for-stm32.14.3.rel1.win32_1.0.100.202602081740/tools/bin/../lib/gcc/arm-none-eabi/14.3.1/../../../../arm-none-eabi/lib/thumb/v7e-m/nofp/crt0.o (memset)
F:/CodeForge/STM32CubeIDE_2.1.0/STM32CubeIDE/plugins/com.st.stm32cube.ide.mcu.externaltools.gnu-tools-for-stm32.14.3.rel1.win32_1.0.100.202602081740/tools/bin/../lib/gcc/arm-none-eabi/14.3.1/../../../../arm-none-eabi/lib/thumb/v7e-m/nofp\libc_nano.a(libc_a-closer.o)
                              F:/CodeForge/STM32CubeIDE_2.1.0/STM32CubeIDE/plugins/com.st.stm32cube.ide.mcu.externaltools.gnu-tools-for-stm32.14.3.rel1.win32_1.0.100.202602081740/tools/bin/../lib/gcc/arm-none-eabi/14.3.1/../../../../arm-none-eabi/lib/thumb/v7e-m/nofp\libc_nano.a(libc_a-stdio.o) (_close_r)
F:/CodeForge/STM32CubeIDE_2.1.0/STM32CubeIDE/plugins/com.st.stm32cube.ide.mcu.externaltools.gnu-tools-for-stm32.14.3.rel1.win32_1.0.100.202602081740/tools/bin/../lib/gcc/arm-none-eabi/14.3.1/../../../../arm-none-eabi/lib/thumb/v7e-m/nofp\libc_nano.a(libc_a-reent.o)
                              F:/CodeForge/STM32CubeIDE_2.1.0/STM32CubeIDE/plugins/com.st.stm32cube.ide.mcu.externaltools.gnu-tools-for-stm32.14.3.rel1.win32_1.0.100.202602081740/tools/bin/../lib/gcc/arm-none-eabi/14.3.1/../../../../arm-none-eabi/lib/thumb/v7e-m/nofp\libc_nano.a(libc_a-closer.o) (errno)
F:/CodeForge/STM32CubeIDE_2.1.0/STM32CubeIDE/plugins/com.st.stm32cube.ide.mcu.externaltools.gnu-tools-for-stm32.14.3.rel1.win32_1.0.100.202602081740/tools/bin/../lib/gcc/arm-none-eabi/14.3.1/../../../../arm-none-eabi/lib/thumb/v7e-m/nofp\libc_nano.a(libc_a-impure.o)
                              F:/CodeForge/STM32CubeIDE_2.1.0/STM32CubeIDE/plugins/com.st.stm32cube.ide.mcu.externaltools.gnu-tools-for-stm32.14.3.rel1.win32_1.0.100.202602081740/tools/bin/../lib/gcc/arm-none-eabi/14.3.1/../../../../arm-none-eabi/lib/thumb/v7e-m/nofp\libc_nano.a(libc_a-reent.o) (_impure_ptr)
F:/CodeForge/STM32CubeIDE_2.1.0/STM32CubeIDE/plugins/com.st.stm32cube.ide.mcu.externaltools.gnu-tools-for-stm32.14.3.rel1.win32_1.0.100.202602081740/tools/bin/../lib/gcc/arm-none-eabi/14.3.1/../../../../arm-none-eabi/lib/thumb/v7e-m/nofp\libc_nano.a(libc_a-lseekr.o)
[...]
Memory Configuration

Name             Origin             Length             Attributes
FLASH            0x08000000         0x00080000         xr
RAM              0x20000000         0x00020000         xrw
*default*        0x00000000         0xffffffff

Linker script and memory map

LOAD F:/CodeForge/STM32CubeIDE_2.1.0/STM32CubeIDE/plugins/com.st.stm32cube.ide.mcu.externaltools.gnu-tools-for-stm32.14.3.rel1.win32_1.0.100.202602081740/tools/bin/../lib/gcc/arm-none-eabi/14.3.1/thumb/v7e-m/nofp/crti.o
LOAD F:/CodeForge/STM32CubeIDE_2.1.0/STM32CubeIDE/plugins/com.st.stm32cube.ide.mcu.externaltools.gnu-tools-for-stm32.14.3.rel1.win32_1.0.100.202602081740/tools/bin/../lib/gcc/arm-none-eabi/14.3.1/thumb/v7e-m/nofp/crtbegin.o
LOAD F:/CodeForge/STM32CubeIDE_2.1.0/STM32CubeIDE/plugins/com.st.stm32cube.ide.mcu.externaltools.gnu-tools-for-stm32.14.3.rel1.win32_1.0.100.202602081740/tools/bin/../lib/gcc/arm-none-eabi/14.3.1/../../../../arm-none-eabi/lib/thumb/v7e-m/nofp/crt0.o
LOAD F:\Project\CleanScout_rover\.build\cj_bridge_f411\cj_ring_buffer.o
LOAD F:\Project\CleanScout_rover\.build\cj_bridge_f411\cj_bridge_protocol.o
LOAD F:\Project\CleanScout_rover\.build\cj_bridge_f411\cj_bridge.o
LOAD F:\Project\CleanScout_rover\.build\cj_bridge_f411\main.o
LOAD F:\Project\CleanScout_rover\.build\cj_bridge_f411\startup_stm32f411xe.o
START GROUP
LOAD F:/CodeForge/STM32CubeIDE_2.1.0/STM32CubeIDE/plugins/com.st.stm32cube.ide.mcu.externaltools.gnu-tools-for-stm32.14.3.rel1.win32_1.0.100.202602081740/tools/bin/../lib/gcc/arm-none-eabi/14.3.1/thumb/v7e-m/nofp\libgcc.a
LOAD F:/CodeForge/STM32CubeIDE_2.1.0/STM32CubeIDE/plugins/com.st.stm32cube.ide.mcu.externaltools.gnu-tools-for-stm32.14.3.rel1.win32_1.0.100.202602081740/tools/bin/../lib/gcc/arm-none-eabi/14.3.1/../../../../arm-none-eabi/lib/thumb/v7e-m/nofp\libc_nano.a
END GROUP
START GROUP
LOAD F:/CodeForge/STM32CubeIDE_2.1.0/STM32CubeIDE/plugins/com.st.stm32cube.ide.mcu.externaltools.gnu-tools-for-stm32.14.3.rel1.win32_1.0.100.202602081740/tools/bin/../lib/gcc/arm-none-eabi/14.3.1/thumb/v7e-m/nofp\libgcc.a
LOAD F:/CodeForge/STM32CubeIDE_2.1.0/STM32CubeIDE/plugins/com.st.stm32cube.ide.mcu.externaltools.gnu-tools-for-stm32.14.3.rel1.win32_1.0.100.202602081740/tools/bin/../lib/gcc/arm-none-eabi/14.3.1/../../../../arm-none-eabi/lib/thumb/v7e-m/nofp\libc_nano.a
LOAD F:/CodeForge/STM32CubeIDE_2.1.0/STM32CubeIDE/plugins/com.st.stm32cube.ide.mcu.externaltools.gnu-tools-for-stm32.14.3.rel1.win32_1.0.100.202602081740/tools/bin/../lib/gcc/arm-none-eabi/14.3.1/../../../../arm-none-eabi/lib/thumb/v7e-m/nofp\libnosys.a
END GROUP
START GROUP
LOAD F:/CodeForge/STM32CubeIDE_2.1.0/STM32CubeIDE/plugins/com.st.stm32cube.ide.mcu.externaltools.gnu-tools-for-stm32.14.3.rel1.win32_1.0.100.202602081740/tools/bin/../lib/gcc/arm-none-eabi/14.3.1/thumb/v7e-m/nofp\libgcc.a
LOAD F:/CodeForge/STM32CubeIDE_2.1.0/STM32CubeIDE/plugins/com.st.stm32cube.ide.mcu.externaltools.gnu-tools-for-stm32.14.3.rel1.win32_1.0.100.202602081740/tools/bin/../lib/gcc/arm-none-eabi/14.3.1/../../../../arm-none-eabi/lib/thumb/v7e-m/nofp\libc_nano.a
LOAD F:/CodeForge/STM32CubeIDE_2.1.0/STM32CubeIDE/plugins/com.st.stm32cube.ide.mcu.externaltools.gnu-tools-for-stm32.14.3.rel1.win32_1.0.100.202602081740/tools/bin/../lib/gcc/arm-none-eabi/14.3.1/../../../../arm-none-eabi/lib/thumb/v7e-m/nofp\libnosys.a
END GROUP
LOAD F:/CodeForge/STM32CubeIDE_2.1.0/STM32CubeIDE/plugins/com.st.stm32cube.ide.mcu.externaltools.gnu-tools-for-stm32.14.3.rel1.win32_1.0.100.202602081740/tools/bin/../lib/gcc/arm-none-eabi/14.3.1/thumb/v7e-m/nofp/crtend.o
LOAD F:/CodeForge/STM32CubeIDE_2.1.0/STM32CubeIDE/plugins/com.st.stm32cube.ide.mcu.externaltools.gnu-tools-for-stm32.14.3.rel1.win32_1.0.100.202602081740/tools/bin/../lib/gcc/arm-none-eabi/14.3.1/thumb/v7e-m/nofp/crtn.o
                0x20020000                        _estack = (ORIGIN (RAM) + LENGTH (RAM))

.isr_vector     0x08000000      0x188
 *(.isr_vector)
 .isr_vector    0x08000000      0x188 F:\Project\CleanScout_rover\.build\cj_bridge_f411\startup_stm32f411xe.o
                0x08000000                g_pfnVectors

.text           0x08000188      0x5bc
 *(.text*)
 .text.cj_ring_buffer_init
                0x08000188        0xc F:\Project\CleanScout_rover\.build\cj_bridge_f411\cj_ring_buffer.o
                0x08000188                cj_ring_buffer_init
 .text.cj_ring_buffer_pop
                0x08000194       0x28 F:\Project\CleanScout_rover\.build\cj_bridge_f411\cj_ring_buffer.o
                0x08000194                cj_ring_buffer_pop
 .text.parser_reset
                0x080001bc       0x12 F:\Project\CleanScout_rover\.build\cj_bridge_f411\cj_bridge_protocol.o
 .text.cj_protocol_parser_init
                0x080001ce        0x4 F:\Project\CleanScout_rover\.build\cj_bridge_f411\cj_bridge_protocol.o
                0x080001ce                cj_protocol_parser_init
 .text.cj_protocol_crc8_atm
                0x080001d2       0x30 F:\Project\CleanScout_rover\.build\cj_bridge_f411\cj_bridge_protocol.o
                0x080001d2                cj_protocol_crc8_atm
 .text.cj_protocol_parser_push
                0x08000202       0xe4 F:\Project\CleanScout_rover\.build\cj_bridge_f411\cj_bridge_protocol.o
                0x08000202                cj_protocol_parser_push
 .text.cj_protocol_build_frame
                0x080002e6       0x4c F:\Project\CleanScout_rover\.build\cj_bridge_f411\cj_bridge_protocol.o
                0x080002e6                cj_protocol_build_frame
 .text.send_j_message
                0x08000332       0x44 F:\Project\CleanScout_rover\.build\cj_bridge_f411\cj_bridge.o
 .text.set_state.part.0
                0x08000376       0x10 F:\Project\CleanScout_rover\.build\cj_bridge_f411\cj_bridge.o
 .text.log_line.isra.0
                0x08000386        0xa F:\Project\CleanScout_rover\.build\cj_bridge_f411\cj_bridge.o
 .text.cj_bridge_init
                0x08000390       0x1c F:\Project\CleanScout_rover\.build\cj_bridge_f411\cj_bridge.o
                0x08000390                cj_bridge_init
 .text.cj_bridge_tick
                0x080003ac       0x98 F:\Project\CleanScout_rover\.build\cj_bridge_f411\cj_bridge.o
                0x080003ac                cj_bridge_tick
 .text.cj_bridge_on_uno_line
                0x08000444       0x80 F:\Project\CleanScout_rover\.build\cj_bridge_f411\cj_bridge.o
                0x08000444                cj_bridge_on_uno_line
 .text.cj_bridge_on_j_frame
                0x080004c4       0x74 F:\Project\CleanScout_rover\.build\cj_bridge_f411\cj_bridge.o
                0x080004c4                cj_bridge_on_j_frame
 .text.platform_millis
                0x08000538        0x4 F:\Project\CleanScout_rover\.build\cj_bridge_f411\main.o
 .text.platform_send_uno_line
                0x0800053c        0x2 F:\Project\CleanScout_rover\.build\cj_bridge_f411\main.o
 .text.platform_send_j_bytes
                0x0800053e        0x2 F:\Project\CleanScout_rover\.build\cj_bridge_f411\main.o
 .text.platform_log
                0x08000540        0x2 F:\Project\CleanScout_rover\.build\cj_bridge_f411\main.o
 *fill*         0x08000542        0x2 
 .text.startup.main
                0x08000544       0xd0 F:\Project\CleanScout_rover\.build\cj_bridge_f411\main.o
                0x08000544                main
 .text.Reset_Handler
                0x08000614       0x44 F:\Project\CleanScout_rover\.build\cj_bridge_f411\startup_stm32f411xe.o
                0x08000614                Reset_Handler
 .text.Default_Handler
                0x08000658        0x2 F:\Project\CleanScout_rover\.build\cj_bridge_f411\startup_stm32f411xe.o
                0x08000658                Default_Handler
 .text.memset   0x0800065a       0x10 F:/CodeForge/STM32CubeIDE_2.1.0/STM32CubeIDE/plugins/com.st.stm32cube.ide.mcu.externaltools.gnu-tools-for-stm32.14.3.rel1.win32_1.0.100.202602081740/tools/bin/../lib/gcc/arm-none-eabi/14.3.1/../../../../arm-none-eabi/lib/thumb/v7e-m/nofp\libc_nano.a(libc_a-memset.o)
                0x0800065a                memset
 .text          0x0800066a       0x14 F:/CodeForge/STM32CubeIDE_2.1.0/STM32CubeIDE/plugins/com.st.stm32cube.ide.mcu.externaltools.gnu-tools-for-stm32.14.3.rel1.win32_1.0.100.202602081740/tools/bin/../lib/gcc/arm-none-eabi/14.3.1/../../../../arm-none-eabi/lib/thumb/v7e-m/nofp\libc_nano.a(libc_a-strcmp.o)
                0x0800066a                strcmp
 .text.memcpy   0x0800067e       0x1c F:/CodeForge/STM32CubeIDE_2.1.0/STM32CubeIDE/plugins/com.st.stm32cube.ide.mcu.externaltools.gnu-tools-for-stm32.14.3.rel1.win32_1.0.100.202602081740/tools/bin/../lib/gcc/arm-none-eabi/14.3.1/../../../../arm-none-eabi/lib/thumb/v7e-m/nofp\libc_nano.a(libc_a-memcpy-stub.o)
                0x0800067e                memcpy
 *(.rodata*)
 .rodata.cj_bridge_tick.str1.1
                0x0800069a       0x97 F:\Project\CleanScout_rover\.build\cj_bridge_f411\cj_bridge.o
                                 0x70 (size before relaxing)
 .rodata.cj_bridge_on_uno_line.str1.1
                0x08000731       0x1e F:\Project\CleanScout_rover\.build\cj_bridge_f411\cj_bridge.o
 .rodata.cj_bridge_on_j_frame.str1.1
                0x08000731        0x9 F:\Project\CleanScout_rover\.build\cj_bridge_f411\cj_bridge.o
 *fill*         0x08000731        0x3 
 .rodata        0x08000734       0x10 F:\Project\CleanScout_rover\.build\cj_bridge_f411\main.o
 *(.glue_7)
 .glue_7        0x08000744        0x0 linker stubs
 *(.glue_7t)
 .glue_7t       0x08000744        0x0 linker stubs
 *(.eh_frame)
                0x08000744                        _etext = .
                0x08000744                        _sidata = _etext

.vfp11_veneer   0x08000744        0x0
 .vfp11_veneer  0x08000744        0x0 linker stubs

.v4_bx          0x08000744        0x0
 .v4_bx         0x08000744        0x0 linker stubs

.init           0x08000744        0x4
 .init          0x08000744        0x4 F:/CodeForge/STM32CubeIDE_2.1.0/STM32CubeIDE/plugins/com.st.stm32cube.ide.mcu.externaltools.gnu-tools-for-stm32.14.3.rel1.win32_1.0.100.202602081740/tools/bin/../lib/gcc/arm-none-eabi/14.3.1/thumb/v7e-m/nofp/crti.o
                0x08000744                _init

.fini           0x08000748        0x4
 .fini          0x08000748        0x4 F:/CodeForge/STM32CubeIDE_2.1.0/STM32CubeIDE/plugins/com.st.stm32cube.ide.mcu.externaltools.gnu-tools-for-stm32.14.3.rel1.win32_1.0.100.202602081740/tools/bin/../lib/gcc/arm-none-eabi/14.3.1/thumb/v7e-m/nofp/crti.o
                0x08000748                _fini

.iplt           0x0800074c        0x0
 .iplt          0x0800074c        0x0 F:\Project\CleanScout_rover\.build\cj_bridge_f411\cj_bridge_protocol.o

.rel.dyn        0x0800074c        0x0
 .rel.iplt      0x0800074c        0x0 F:\Project\CleanScout_rover\.build\cj_bridge_f411\cj_bridge_protocol.o

.ARM.exidx      0x0800074c        0x8
 .ARM.exidx     0x0800074c        0x8 F:/CodeForge/STM32CubeIDE_2.1.0/STM32CubeIDE/plugins/com.st.stm32cube.ide.mcu.externaltools.gnu-tools-for-stm32.14.3.rel1.win32_1.0.100.202602081740/tools/bin/../lib/gcc/arm-none-eabi/14.3.1/../../../../arm-none-eabi/lib/thumb/v7e-m/nofp\libc_nano.a(libc_a-strcmp.o)

.data           0x20000000        0x0 load address 0x08000744
                0x20000000                        _sdata = .
 *(.data*)
                0x20000000                        _edata = .

.igot.plt       0x20000000        0x0
 .igot.plt      0x20000000        0x0 F:\Project\CleanScout_rover\.build\cj_bridge_f411\cj_bridge_protocol.o

.bss            0x20000000      0x188
                0x20000000                        _sbss = .
 *(.bss*)
 .bss.uno_line_length
                0x20000000        0x1 F:\Project\CleanScout_rover\.build\cj_bridge_f411\main.o
 .bss.uno_line_buffer
                0x20000001       0x20 F:\Project\CleanScout_rover\.build\cj_bridge_f411\main.o
 .bss.j_parser  0x20000021       0x2b F:\Project\CleanScout_rover\.build\cj_bridge_f411\main.o
 .bss.bridge    0x2000004c       0x1c F:\Project\CleanScout_rover\.build\cj_bridge_f411\main.o
 .bss.j_rx_buffer
                0x20000068       0x10 F:\Project\CleanScout_rover\.build\cj_bridge_f411\main.o
 .bss.uno_rx_buffer
                0x20000078       0x10 F:\Project\CleanScout_rover\.build\cj_bridge_f411\main.o
 .bss.j_rx_storage
                0x20000088       0x80 F:\Project\CleanScout_rover\.build\cj_bridge_f411\main.o
 .bss.uno_rx_storage
                0x20000108       0x80 F:\Project\CleanScout_rover\.build\cj_bridge_f411\main.o
 *(COMMON)
                0x20000188                        _ebss = .
                0x20000188                        . = ALIGN (0x8)
                0x20000188                        _end = .
OUTPUT(F:\Project\CleanScout_rover\artifacts\C-1.2.0\f411\cj_bridge_f411.elf elf32-littlearm)
LOAD linker stubs

.ARM.attributes
                0x00000000       0x2a
 .ARM.attributes
                0x00000000       0x1e F:/CodeForge/STM32CubeIDE_2.1.0/STM32CubeIDE/plugins/com.st.stm32cube.ide.mcu.externaltools.gnu-tools-for-stm32.14.3.rel1.win32_1.0.100.202602081740/tools/bin/../lib/gcc/arm-none-eabi/14.3.1/thumb/v7e-m/nofp/crti.o
 .ARM.attributes
                0x0000001e       0x2e F:\Project\CleanScout_rover\.build\cj_bridge_f411\cj_ring_buffer.o
 .ARM.attributes
                0x0000004c       0x2e F:\Project\CleanScout_rover\.build\cj_bridge_f411\cj_bridge_protocol.o
 .ARM.attributes
                0x0000007a       0x2e F:\Project\CleanScout_rover\.build\cj_bridge_f411\cj_bridge.o
 .ARM.attributes
                0x000000a8       0x2e F:\Project\CleanScout_rover\.build\cj_bridge_f411\main.o
 .ARM.attributes
                0x000000d6       0x21 F:\Project\CleanScout_rover\.build\cj_bridge_f411\startup_stm32f411xe.o
 .ARM.attributes
                0x000000f7       0x2e F:/CodeForge/STM32CubeIDE_2.1.0/STM32CubeIDE/plugins/com.st.stm32cube.ide.mcu.externaltools.gnu-tools-for-stm32.14.3.rel1.win32_1.0.100.202602081740/tools/bin/../lib/gcc/arm-none-eabi/14.3.1/../../../../arm-none-eabi/lib/thumb/v7e-m/nofp\libc_nano.a(libc_a-memset.o)
 .ARM.attributes
                0x00000125       0x1c F:/CodeForge/STM32CubeIDE_2.1.0/STM32CubeIDE/plugins/com.st.stm32cube.ide.mcu.externaltools.gnu-tools-for-stm32.14.3.rel1.win32_1.0.100.202602081740/tools/bin/../lib/gcc/arm-none-eabi/14.3.1/../../../../arm-none-eabi/lib/thumb/v7e-m/nofp\libc_nano.a(libc_a-strcmp.o)
 .ARM.attributes
                0x00000141       0x2e F:/CodeForge/STM32CubeIDE_2.1.0/STM32CubeIDE/plugins/com.st.stm32cube.ide.mcu.externaltools.gnu-tools-for-stm32.14.3.rel1.win32_1.0.100.202602081740/tools/bin/../lib/gcc/arm-none-eabi/14.3.1/../../../../arm-none-eabi/lib/thumb/v7e-m/nofp\libc_nano.a(libc_a-memcpy-stub.o)

.comment        0x00000000       0x43
 .comment       0x00000000       0x43 F:\Project\CleanScout_rover\.build\cj_bridge_f411\cj_ring_buffer.o
                                 0x44 (size before relaxing)
 .comment       0x00000043       0x44 F:\Project\CleanScout_rover\.build\cj_bridge_f411\cj_bridge_protocol.o
 .comment       0x00000043       0x44 F:\Project\CleanScout_rover\.build\cj_bridge_f411\cj_bridge.o
 .comment       0x00000043       0x44 F:\Project\CleanScout_rover\.build\cj_bridge_f411\main.o

.debug_frame    0x00000000       0x68
 .debug_frame   0x00000000       0x20 F:/CodeForge/STM32CubeIDE_2.1.0/STM32CubeIDE/plugins/com.st.stm32cube.ide.mcu.externaltools.gnu-tools-for-stm32.14.3.rel1.win32_1.0.100.202602081740/tools/bin/../lib/gcc/arm-none-eabi/14.3.1/../../../../arm-none-eabi/lib/thumb/v7e-m/nofp\libc_nano.a(libc_a-memset.o)
 .debug_frame   0x00000020       0x20 F:/CodeForge/STM32CubeIDE_2.1.0/STM32CubeIDE/plugins/com.st.stm32cube.ide.mcu.externaltools.gnu-tools-for-stm32.14.3.rel1.win32_1.0.100.202602081740/tools/bin/../lib/gcc/arm-none-eabi/14.3.1/../../../../arm-none-eabi/lib/thumb/v7e-m/nofp\libc_nano.a(libc_a-strcmp.o)
 .debug_frame   0x00000040       0x28 F:/CodeForge/STM32CubeIDE_2.1.0/STM32CubeIDE/plugins/com.st.stm32cube.ide.mcu.externaltools.gnu-tools-for-stm32.14.3.rel1.win32_1.0.100.202602081740/tools/bin/../lib/gcc/arm-none-eabi/14.3.1/../../../../arm-none-eabi/lib/thumb/v7e-m/nofp\libc_nano.a(libc_a-memcpy-stub.o)
