Component: ARM Compiler 5.06 update 5 (build 528) Tool: armlink [4d35e2]

==============================================================================

Section Cross References

    startup_stm32f10x_hd.o(RESET) refers to startup_stm32f10x_hd.o(STACK) for __initial_sp
    startup_stm32f10x_hd.o(RESET) refers to startup_stm32f10x_hd.o(.text) for Reset_Handler
    startup_stm32f10x_hd.o(RESET) refers to stm32f10x_it.o(.text) for NMI_Handler
    startup_stm32f10x_hd.o(RESET) refers to main.o(.text) for SysTick_Handler
    startup_stm32f10x_hd.o(RESET) refers to csr_motion_link.o(.text) for USART2_IRQHandler
    startup_stm32f10x_hd.o(RESET) refers to arm_host_link.o(.text) for USART3_IRQHandler
    startup_stm32f10x_hd.o(RESET) refers to arm_servo_bus.o(.text) for UART5_IRQHandler
    startup_stm32f10x_hd.o(.text) refers to system_stm32f10x.o(.text) for SystemInit
    startup_stm32f10x_hd.o(.text) refers to entry.o(.ARM.Collect$$$$00000000) for __main
    system_stm32f10x.o(.text) refers to system_stm32f10x.o(.data) for SystemCoreClock
    stm32f10x_gpio.o(.text) refers to stm32f10x_rcc.o(.text) for RCC_APB2PeriphResetCmd
    stm32f10x_rcc.o(.text) refers to stm32f10x_rcc.o(.data) for APBAHBPrescTable
    stm32f10x_tim.o(.text) refers to stm32f10x_rcc.o(.text) for RCC_APB2PeriphResetCmd
    stm32f10x_usart.o(.text) refers to stm32f10x_rcc.o(.text) for RCC_APB2PeriphResetCmd
    main.o(.text) refers to safety_supervisor.o(.text) for safety_supervisor_latch_estop
    main.o(.text) refers to csr_motion_link.o(.text) for csr_motion_link_send_ack
    main.o(.text) refers to csr_motion_controller.o(.text) for csr_motion_controller_handle
    main.o(.text) refers to arm_protocol.o(.text) for arm_protocol_parse
    main.o(.text) refers to arm_host_link.o(.text) for arm_host_link_send_error
    main.o(.text) refers to arm_servo_bus.o(.text) for arm_servo_bus_rx_overflow_count
    main.o(.text) refers to printf8.o(i.__0sprintf$8) for __2sprintf
    main.o(.text) refers to strcpy.o(.text) for strcpy
    main.o(.text) refers to strlen.o(.text) for strlen
    main.o(.text) refers to strncat.o(.text) for strncat
    main.o(.text) refers to arm_servo_executor.o(.text) for arm_servo_executor_submit
    main.o(.text) refers to board_resource_map.o(.text) for board_resource_map_init
    main.o(.text) refers to main.o(.data) for g_system_ms
    main.o(.text) refers to system_stm32f10x.o(.data) for SystemCoreClock
    main.o(.text) refers to main.o(.conststring) for .conststring
    csr_board_map.o(.text) refers to csr_board_map.o(.data) for g_channel_names
    csr_board_map.o(.data) refers to csr_board_map.o(.conststring) for .conststring
    csr_motor_drv.o(.text) refers to stm32f10x_gpio.o(.text) for GPIO_WriteBit
    csr_motor_drv.o(.text) refers to stm32f10x_tim.o(.text) for TIM_SetCompare1
    csr_motor_drv.o(.text) refers to stm32f10x_rcc.o(.text) for RCC_APB2PeriphClockCmd
    csr_motor_drv.o(.text) refers to csr_motor_drv.o(.data) for g_last_pwm
    csr_encoder_drv.o(.text) refers to stm32f10x_tim.o(.text) for TIM_TimeBaseStructInit
    csr_encoder_drv.o(.text) refers to stm32f10x_rcc.o(.text) for RCC_APB1PeriphClockCmd
    csr_encoder_drv.o(.text) refers to stm32f10x_gpio.o(.text) for GPIO_Init
    csr_encoder_drv.o(.text) refers to csr_encoder_drv.o(.bss) for g_encoder_total
    csr_encoder_drv.o(.text) refers to csr_board_map.o(.data) for g_csr_encoder_dir_sign
    board_resource_map.o(.text) refers to stm32f10x_rcc.o(.text) for RCC_APB2PeriphClockCmd
    board_resource_map.o(.text) refers to stm32f10x_gpio.o(.text) for GPIO_PinRemapConfig
    board_resource_map.o(.text) refers to misc.o(.text) for NVIC_PriorityGroupConfig
    csr_motion_link.o(.text) refers to strlen.o(.text) for strlen
    csr_motion_link.o(.text) refers to stm32f10x_usart.o(.text) for USART_ITConfig
    csr_motion_link.o(.text) refers to strtol.o(.text) for strtol
    csr_motion_link.o(.text) refers to strtod.o(i.strtod) for strtod
    csr_motion_link.o(.text) refers to d2f.o(.text) for __aeabi_d2f
    csr_motion_link.o(.text) refers to printf8.o(i.__0sprintf$8) for __2sprintf
    csr_motion_link.o(.text) refers to strcmp.o(.text) for strcmp
    csr_motion_link.o(.text) refers to strtok.o(.text) for strtok
    csr_motion_link.o(.text) refers to memseta.o(.text) for __aeabi_memclr4
    csr_motion_link.o(.text) refers to strncpy.o(.text) for strncpy
    csr_motion_link.o(.text) refers to csr_motion_link.o(.data) for g_rx_head
    csr_motion_link.o(.text) refers to csr_motion_link.o(.bss) for g_rx_ring
    csr_motion_link.o(.text) refers to strncat.o(.text) for strncat
    csr_motion_link.o(.text) refers to cfrcmple.o(.text) for __aeabi_cfrcmple
    csr_motion_link.o(.text) refers to fmul.o(.text) for __aeabi_fmul
    csr_motion_link.o(.text) refers to fadd.o(.text) for __aeabi_fadd
    csr_motion_link.o(.text) refers to ffixi.o(.text) for __aeabi_f2iz
    csr_motion_link.o(.text) refers to stm32f10x_rcc.o(.text) for RCC_APB2PeriphClockCmd
[...]
    ../clib/microlib/string/strcmp.c         0x00000000   Number         0  strcmp.o ABSOLUTE
    ../clib/microlib/string/strcpy.c         0x00000000   Number         0  strcpy.o ABSOLUTE
    ../clib/microlib/string/strlen.c         0x00000000   Number         0  strlen.o ABSOLUTE
    ../clib/microlib/string/strncat.c        0x00000000   Number         0  strncat.o ABSOLUTE
    ../clib/microlib/string/strncpy.c        0x00000000   Number         0  strncpy.o ABSOLUTE
    ../clib/microlib/string/strtok.c         0x00000000   Number         0  strtok.o ABSOLUTE
    ../clib/microlib/string/strtok.c         0x00000000   Number         0  strtok_r.o ABSOLUTE
    ../clib/microlib/stubs.s                 0x00000000   Number         0  iusefp.o ABSOLUTE
    ../clib/microlib/stubs.s                 0x00000000   Number         0  iusesemip.o ABSOLUTE
    ../clib/scanf.c                          0x00000000   Number         0  scanf_fp.o ABSOLUTE
    ../clib/scanf.c                          0x00000000   Number         0  _strtoul.o ABSOLUTE
    ../clib/scanf.c                          0x00000000   Number         0  strtod.o ABSOLUTE
    ../clib/scanf.c                          0x00000000   Number         0  _chval.o ABSOLUTE
    ../clib/scanf.c                          0x00000000   Number         0  _sgetc.o ABSOLUTE
    ../clib/scanf.c                          0x00000000   Number         0  strtol.o ABSOLUTE
    ../fplib/microlib/d2f.c                  0x00000000   Number         0  d2f.o ABSOLUTE
    ../fplib/microlib/fpadd.c                0x00000000   Number         0  dadd.o ABSOLUTE
    ../fplib/microlib/fpadd.c                0x00000000   Number         0  fadd.o ABSOLUTE
    ../fplib/microlib/fpdiv.c                0x00000000   Number         0  ddiv.o ABSOLUTE
    ../fplib/microlib/fpepilogue.c           0x00000000   Number         0  fepilogue.o ABSOLUTE
    ../fplib/microlib/fpepilogue.c           0x00000000   Number         0  depilogue.o ABSOLUTE
    ../fplib/microlib/fpfix.c                0x00000000   Number         0  dfixul.o ABSOLUTE
    ../fplib/microlib/fpfix.c                0x00000000   Number         0  ffixi.o ABSOLUTE
    ../fplib/microlib/fpflt.c                0x00000000   Number         0  fflti.o ABSOLUTE
    ../fplib/microlib/fpflt.c                0x00000000   Number         0  dfltul.o ABSOLUTE
    ../fplib/microlib/fpmul.c                0x00000000   Number         0  dmul.o ABSOLUTE
    ../fplib/microlib/fpmul.c                0x00000000   Number         0  fmul.o ABSOLUTE
    ../mathlib/strtod.c                      0x00000000   Number         0  strtod.o ABSOLUTE
    CMSIS\\core_cm3.c                        0x00000000   Number         0  core_cm3.o ABSOLUTE
    CMSIS\core_cm3.c                         0x00000000   Number         0  core_cm3.o ABSOLUTE
    CMSIS\startup_stm32f10x_hd.s             0x00000000   Number         0  startup_stm32f10x_hd.o ABSOLUTE
    CMSIS\system_stm32f10x.c                 0x00000000   Number         0  system_stm32f10x.o ABSOLUTE
    Drivers\src\misc.c                       0x00000000   Number         0  misc.o ABSOLUTE
    Drivers\src\stm32f10x_gpio.c             0x00000000   Number         0  stm32f10x_gpio.o ABSOLUTE
    Drivers\src\stm32f10x_rcc.c              0x00000000   Number         0  stm32f10x_rcc.o ABSOLUTE
    Drivers\src\stm32f10x_tim.c              0x00000000   Number         0  stm32f10x_tim.o ABSOLUTE
    Drivers\src\stm32f10x_usart.c            0x00000000   Number         0  stm32f10x_usart.o ABSOLUTE
    User\arm_host_link.c                     0x00000000   Number         0  arm_host_link.o ABSOLUTE
    User\arm_protocol.c                      0x00000000   Number         0  arm_protocol.o ABSOLUTE
    User\arm_servo_bus.c                     0x00000000   Number         0  arm_servo_bus.o ABSOLUTE
    User\arm_servo_executor.c                0x00000000   Number         0  arm_servo_executor.o ABSOLUTE
    User\board_resource_map.c                0x00000000   Number         0  board_resource_map.o ABSOLUTE
    User\csr_board_map.c                     0x00000000   Number         0  csr_board_map.o ABSOLUTE
    User\csr_encoder_drv.c                   0x00000000   Number         0  csr_encoder_drv.o ABSOLUTE
    User\csr_motion_controller.c             0x00000000   Number         0  csr_motion_controller.o ABSOLUTE
    User\csr_motion_link.c                   0x00000000   Number         0  csr_motion_link.o ABSOLUTE
    User\csr_motor_drv.c                     0x00000000   Number         0  csr_motor_drv.o ABSOLUTE
    User\main.c                              0x00000000   Number         0  main.o ABSOLUTE
    User\safety_supervisor.c                 0x00000000   Number         0  safety_supervisor.o ABSOLUTE
    User\stm32f10x_it.c                      0x00000000   Number         0  stm32f10x_it.o ABSOLUTE
    cdrcmple.s                               0x00000000   Number         0  cdrcmple.o ABSOLUTE
    cfcmple.s                                0x00000000   Number         0  cfcmple.o ABSOLUTE
    cfrcmple.s                               0x00000000   Number         0  cfrcmple.o ABSOLUTE
    dc.s                                     0x00000000   Number         0  dc.o ABSOLUTE
    handlers.s                               0x00000000   Number         0  handlers.o ABSOLUTE
    init.s                                   0x00000000   Number         0  init.o ABSOLUTE
    RESET                                    0x08000000   Section      304  startup_stm32f10x_hd.o(RESET)
    .ARM.Collect$$$$00000000                 0x08000130   Section        0  entry.o(.ARM.Collect$$$$00000000)
    .ARM.Collect$$$$00000001                 0x08000130   Section        4  entry2.o(.ARM.Collect$$$$00000001)
    .ARM.Collect$$$$00000004                 0x08000134   Section        4  entry5.o(.ARM.Collect$$$$00000004)
    .ARM.Collect$$$$00000008                 0x08000138   Section        0  entry7b.o(.ARM.Collect$$$$00000008)
    .ARM.Collect$$$$0000000A                 0x08000138   Section        0  entry8b.o(.ARM.Collect$$$$0000000A)
    .ARM.Collect$$$$0000000B                 0x08000138   Section        8  entry9a.o(.ARM.Collect$$$$0000000B)
    .ARM.Collect$$$$0000000D                 0x08000140   Section        0  entry10a.o(.ARM.Collect$$$$0000000D)
    .ARM.Collect$$$$0000000F                 0x08000140   Section        0  entry11a.o(.ARM.Collect$$$$0000000F)
    .ARM.Collect$$$$00002712                 0x08000140   Section        4  entry2.o(.ARM.Collect$$$$00002712)
    __lit__00000000                          0x08000140   Data           4  entry2.o(.ARM.Collect$$$$00002712)
    .text                                    0x08000144   Section       36  startup_stm32f10x_hd.o(.text)
    .text                                    0x08000168   Section        0  system_stm32f10x.o(.text)
    SetSysClockTo72                          0x08000169   Thumb Code   214  system_stm32f10x.o(.text)
    SetSysClock                              0x0800023f   Thumb Code     8  system_stm32f10x.o(.text)
    .text                                    0x08000348   Section        0  misc.o(.text)
    .text                                    0x08000424   Section        0  stm32f10x_gpio.o(.text)
    .text                                    0x08000780   Section        0  stm32f10x_rcc.o(.text)
    .text                                    0x08000b24   Section        0  stm32f10x_tim.o(.text)
    TI4_Config                               0x08000fcb   Thumb Code   130  stm32f10x_tim.o(.text)
    TI3_Config                               0x0800105f   Thumb Code   122  stm32f10x_tim.o(.text)
    TI2_Config                               0x080010f3   Thumb Code   130  stm32f10x_tim.o(.text)
    TI1_Config                               0x08001187   Thumb Code   108  stm32f10x_tim.o(.text)
    .text                                    0x08001940   Section        0  stm32f10x_usart.o(.text)
    .text                                    0x08001d48   Section        0  main.o(.text)
    csr_millis                               0x08001d49   Thumb Code     6  main.o(.text)
    csr_systick_init                         0x08001d5b   Thumb Code    84  main.o(.text)
    handle_motion_command                    0x08001daf   Thumb Code   106  main.o(.text)
    handle_arm_frame                         0x08001e19   Thumb Code   414  main.o(.text)
    .text                                    0x08002100   Section        0  stm32f10x_it.o(.text)
    .text                                    0x08002118   Section        0  csr_motor_drv.o(.text)
    csr_motor_write_raw                      0x08002119   Thumb Code   128  csr_motor_drv.o(.text)
    csr_motor_scale_drive                    0x08002199   Thumb Code    32  csr_motor_drv.o(.text)
    csr_motor_normalize_channel_drive        0x080021b9   Thumb Code    40  csr_motor_drv.o(.text)
    csr_motor_apply_unified                  0x080021e1   Thumb Code    50  csr_motor_drv.o(.text)
    csr_motor_apply_cn1                      0x08002233   Thumb Code    56  csr_motor_drv.o(.text)
    csr_motor_apply_cn2                      0x0800226b   Thumb Code    56  csr_motor_drv.o(.text)
    csr_motor_apply_cn3                      0x080022a3   Thumb Code    56  csr_motor_drv.o(.text)
    csr_motor_apply_cn4                      0x080022db   Thumb Code    56  csr_motor_drv.o(.text)
    .text                                    0x080024a0   Section        0  csr_encoder_drv.o(.text)
    csr_encoder_timer                        0x080024a1   Thumb Code    40  csr_encoder_drv.o(.text)
    csr_encoder_init_common                  0x080024c9   Thumb Code    96  csr_encoder_drv.o(.text)
    csr_encoder_init_cn1                     0x08002529   Thumb Code    52  csr_encoder_drv.o(.text)
    csr_encoder_init_cn2                     0x0800255d   Thumb Code    52  csr_encoder_drv.o(.text)
    csr_encoder_init_cn3                     0x08002591   Thumb Code    78  csr_encoder_drv.o(.text)
    csr_encoder_init_cn4                     0x080025df   Thumb Code    52  csr_encoder_drv.o(.text)
    .text                                    0x080027a0   Section        0  board_resource_map.o(.text)
    .text                                    0x080027c0   Section        0  csr_motion_link.o(.text)
    csr_ring_next                            0x080027c1   Thumb Code    12  csr_motion_link.o(.text)
    csr_motion_try_read_byte                 0x080027cd   Thumb Code    48  csr_motion_link.o(.text)
    csr_motion_tx_free                       0x080027fd   Thumb Code    32  csr_motion_link.o(.text)
    csr_motion_send_text                     0x0800281d   Thumb Code    96  csr_motion_link.o(.text)
    csr_motion_trim                          0x0800287d   Thumb Code    66  csr_motion_link.o(.text)
    csr_motion_parse_channel                 0x080028bf   Thumb Code    54  csr_motion_link.o(.text)
    csr_motion_parse_float                   0x080028f5   Thumb Code    52  csr_motion_link.o(.text)
    csr_motion_parse_no_arg                  0x08002943   Thumb Code    66  csr_motion_link.o(.text)
    csr_motion_parse_line                    0x08002985   Thumb Code   832  csr_motion_link.o(.text)
    csr_append_text                          0x08002cc5   Thumb Code    40  csr_motion_link.o(.text)
    csr_append_float3                        0x08002ced   Thumb Code   164  csr_motion_link.o(.text)
    .text                                    0x080032d0   Section        0  csr_motion_controller.o(.text)
    csr_absf                                 0x080032d1   Thumb Code    24  csr_motion_controller.o(.text)
    csr_clampf                               0x080032e9   Thumb Code    40  csr_motion_controller.o(.text)
    csr_float_to_pwm                         0x08003311   Thumb Code    54  csr_motion_controller.o(.text)
    csr_clear_pi_state                       0x08003347   Thumb Code    40  csr_motion_controller.o(.text)
    csr_clear_velocity_targets               0x0800336f   Thumb Code    28  csr_motion_controller.o(.text)
    csr_clear_raw_targets                    0x0800338b   Thumb Code    22  csr_motion_controller.o(.text)
    csr_apply_raw_outputs                    0x080033cf   Thumb Code    40  csr_motion_controller.o(.text)
    csr_measure_speed_mps                    0x080033f7   Thumb Code    28  csr_motion_controller.o(.text)
    csr_target_sign_reversed                 0x08003413   Thumb Code    78  csr_motion_controller.o(.text)
    csr_reset_channel_pi_state               0x08003461   Thumb Code    22  csr_motion_controller.o(.text)
    csr_compute_closed_loop_pwm              0x08003477   Thumb Code   186  csr_motion_controller.o(.text)
    .text                                    0x080038a0   Section        0  arm_protocol.o(.text)
    arm_is_digit                             0x080038a1   Thumb Code    18  arm_protocol.o(.text)
    arm_parse_fixed_u16                      0x080038b3   Thumb Code    64  arm_protocol.o(.text)
    arm_parse_id                             0x080038f3   Thumb Code    52  arm_protocol.o(.text)
    arm_parse_move                           0x08003927   Thumb Code   144  arm_protocol.o(.text)
    arm_parse_single                         0x080039b7   Thumb Code   126  arm_protocol.o(.text)
    arm_parse_group                          0x08003a35   Thumb Code   174  arm_protocol.o(.text)
    .text                                    0x08003c4c   Section        0  arm_host_link.o(.text)
    arm_ring_next                            0x08003c4d   Thumb Code    12  arm_host_link.o(.text)
    arm_host_try_read_byte                   0x08003c59   Thumb Code    48  arm_host_link.o(.text)
    arm_host_tx_free                         0x08003c89   Thumb Code    32  arm_host_link.o(.text)
    arm_host_reset_frame                     0x08003ca9   Thumb Code    16  arm_host_link.o(.text)
    arm_host_start_frame                     0x08003cb9   Thumb Code    36  arm_host_link.o(.text)
    .text                                    0x080041a4   Section        0  arm_servo_bus.o(.text)
    arm_bus_ring_next                        0x080041a5   Thumb Code    12  arm_servo_bus.o(.text)
    arm_bus_tx_free                          0x080041b1   Thumb Code    32  arm_servo_bus.o(.text)
    arm_bus_try_read_byte                    0x080041d1   Thumb Code    48  arm_servo_bus.o(.text)
    arm_bus_reset_response                   0x08004201   Thumb Code    16  arm_servo_bus.o(.text)
    .text                                    0x08004648   Section        0  arm_servo_executor.o(.text)
    arm_append_move                          0x08004649   Thumb Code    50  arm_servo_executor.o(.text)
    arm_build_move_frame                     0x0800467b   Thumb Code   102  arm_servo_executor.o(.text)
    .text                                    0x08004984   Section        0  safety_supervisor.o(.text)
    .text                                    0x08004ab8   Section        0  memcpya.o(.text)
    .text                                    0x08004adc   Section        0  memseta.o(.text)
    .text                                    0x08004b00   Section        0  strncpy.o(.text)
    .text                                    0x08004b18   Section        0  strlen.o(.text)
    .text                                    0x08004b26   Section        0  strcmp.o(.text)
    .text                                    0x08004b42   Section        0  memcmp.o(.text)
    .text                                    0x08004b5c   Section        0  strncat.o(.text)
    .text                                    0x08004b84   Section        0  strcpy.o(.text)
    .text                                    0x08004b98   Section        0  strtok.o(.text)
    .text                                    0x08004bdc   Section        0  strtol.o(.text)
    .text                                    0x08004c4c   Section        0  fadd.o(.text)
    .text                                    0x08004cfc   Section        0  fmul.o(.text)
    .text                                    0x08004d60   Section        0  fflti.o(.text)
    .text                                    0x08004d72   Section        0  ffixi.o(.text)
    .text                                    0x08004da4   Section        0  d2f.o(.text)
    .text                                    0x08004ddc   Section       20  cfcmple.o(.text)
    .text                                    0x08004df0   Section       20  cfrcmple.o(.text)
    .text                                    0x08004e04   Section        0  uldiv.o(.text)
    .text                                    0x08004e68   Section        0  ctype_o.o(.text)
    .text                                    0x08004e70   Section        0  isspace_o.o(.text)
    .text                                    0x08004e82   Section        0  _strtoul.o(.text)
    .text                                    0x08004f20   Section        0  strtod.o(.text)
    _local_sscanf                            0x08004f21   Thumb Code    54  strtod.o(.text)
    .text                                    0x08004fbc   Section        0  fepilogue.o(.text)
    .text                                    0x08004fbc   Section        0  iusefp.o(.text)
    .text                                    0x0800502a   Section        0  dmul.o(.text)
    .text                                    0x0800510e   Section        0  ddiv.o(.text)
    .text                                    0x080051ec   Section       36  init.o(.text)
    .text                                    0x08005210   Section        0  llshl.o(.text)
    .text                                    0x0800522e   Section        0  llushr.o(.text)
    .text                                    0x0800524e   Section        0  _chval.o(.text)
    .text                                    0x0800526c   Section        0  scanf_fp.o(.text)
    _fp_value                                0x0800526d   Thumb Code   296  scanf_fp.o(.text)
    .text                                    0x080055cc   Section        0  _sgetc.o(.text)
    .text                                    0x0800560c   Section        0  depilogue.o(.text)
    .text                                    0x080056c6   Section        0  dfltul.o(.text)
    i.__0sprintf$8                           0x080056e0   Section        0  printf8.o(i.__0sprintf$8)
    i.__aeabi_errno_addr                     0x08005708   Section        0  errno.o(i.__aeabi_errno_addr)
    i.__scatterload_copy                     0x08005710   Section       14  handlers.o(i.__scatterload_copy)
    i.__scatterload_null                     0x0800571e   Section        2  handlers.o(i.__scatterload_null)
    i.__scatterload_zeroinit                 0x08005720   Section       14  handlers.o(i.__scatterload_zeroinit)
    i._is_digit                              0x0800572e   Section        0  scanf_fp.o(i._is_digit)
    i._printf_core                           0x0800573c   Section        0  printf8.o(i._printf_core)
    _printf_core                             0x0800573d   Thumb Code   996  printf8.o(i._printf_core)
    i._printf_post_padding                   0x08005b4c   Section        0  printf8.o(i._printf_post_padding)
    _printf_post_padding                     0x08005b4d   Thumb Code    36  printf8.o(i._printf_post_padding)
    i._printf_pre_padding                    0x08005b70   Section        0  printf8.o(i._printf_pre_padding)
    _printf_pre_padding                      0x08005b71   Thumb Code    46  printf8.o(i._printf_pre_padding)
    i._sputc                                 0x08005b9e   Section        0  printf8.o(i._sputc)
    _sputc                                   0x08005b9f   Thumb Code    10  printf8.o(i._sputc)
    i.strtod                                 0x08005ba8   Section        0  strtod.o(i.strtod)
    .constdata                               0x08005bc4   Section      129  ctype_o.o(.constdata)
    .constdata                               0x08005c48   Section        4  ctype_o.o(.constdata)
    table                                    0x08005c48   Data           4  ctype_o.o(.constdata)
    .conststring                             0x08005c4c   Section       87  main.o(.conststring)
    .conststring                             0x08005ca4   Section       47  csr_board_map.o(.conststring)
    .data                                    0x20000000   Section       20  system_stm32f10x.o(.data)
    .data                                    0x20000014   Section       20  stm32f10x_rcc.o(.data)
    APBAHBPrescTable                         0x20000014   Data          16  stm32f10x_rcc.o(.data)
    ADCPrescTable                            0x20000024   Data           4  stm32f10x_rcc.o(.data)
    .data                                    0x20000028   Section        4  main.o(.data)
    g_system_ms                              0x20000028   Data           4  main.o(.data)
    .data                                    0x2000002c   Section       40  csr_board_map.o(.data)
    g_channel_names                          0x2000002c   Data          16  csr_board_map.o(.data)
    g_channel_notes                          0x2000003c   Data          16  csr_board_map.o(.data)
    .data                                    0x20000054   Section        8  csr_motor_drv.o(.data)
    g_last_pwm                               0x20000054   Data           8  csr_motor_drv.o(.data)
    .data                                    0x2000005c   Section       28  csr_motion_link.o(.data)
    g_line_length                            0x2000005c   Data           1  csr_motion_link.o(.data)
    g_discard_line                           0x2000005d   Data           1  csr_motion_link.o(.data)
    g_rx_head                                0x2000005e   Data           2  csr_motion_link.o(.data)
    g_rx_tail                                0x20000060   Data           2  csr_motion_link.o(.data)
    g_tx_head                                0x20000062   Data           2  csr_motion_link.o(.data)
    g_tx_tail                                0x20000064   Data           2  csr_motion_link.o(.data)
    g_rx_overflow_count                      0x20000068   Data           4  csr_motion_link.o(.data)
    g_tx_overflow_count                      0x2000006c   Data           4  csr_motion_link.o(.data)
    g_rx_overflow_event                      0x20000070   Data           1  csr_motion_link.o(.data)
    g_bad_frame_count                        0x20000074   Data           4  csr_motion_link.o(.data)
    .data                                    0x20000078   Section       56  csr_motion_controller.o(.data)
    g_control_mode                           0x20000078   Data           1  csr_motion_controller.o(.data)
    g_last_command_ms                        0x2000007c   Data           4  csr_motion_controller.o(.data)
    g_raw_pwm                                0x20000080   Data           8  csr_motion_controller.o(.data)
    g_output_pwm                             0x20000088   Data           8  csr_motion_controller.o(.data)
    g_kp                                     0x20000090   Data          16  csr_motion_controller.o(.data)
    g_ki                                     0x200000a0   Data          16  csr_motion_controller.o(.data)
    .data                                    0x200000b0   Section       40  arm_host_link.o(.data)
    g_rx_head                                0x200000b0   Data           2  arm_host_link.o(.data)
    g_rx_tail                                0x200000b2   Data           2  arm_host_link.o(.data)
    g_tx_head                                0x200000b4   Data           2  arm_host_link.o(.data)
    g_tx_tail                                0x200000b6   Data           2  arm_host_link.o(.data)
    g_frame_length                           0x200000b8   Data           2  arm_host_link.o(.data)
    g_frame_terminator                       0x200000ba   Data           1  arm_host_link.o(.data)
    g_rx_state                               0x200000bb   Data           1  arm_host_link.o(.data)
    g_last_byte_ms                           0x200000bc   Data           4  arm_host_link.o(.data)
    g_rx_overflow_count                      0x200000c0   Data           4  arm_host_link.o(.data)
    g_tx_overflow_count                      0x200000c4   Data           4  arm_host_link.o(.data)
    g_rx_overflow_event                      0x200000c8   Data           1  arm_host_link.o(.data)
    g_bad_frame_count                        0x200000cc   Data           4  arm_host_link.o(.data)
    g_rx_byte_count                          0x200000d0   Data           4  arm_host_link.o(.data)
    g_tx_byte_count                          0x200000d4   Data           4  arm_host_link.o(.data)
    .data                                    0x200000d8   Section       42  arm_servo_bus.o(.data)
    g_rx_head                                0x200000d8   Data           2  arm_servo_bus.o(.data)
    g_rx_tail                                0x200000da   Data           2  arm_servo_bus.o(.data)
    g_tx_head                                0x200000dc   Data           2  arm_servo_bus.o(.data)
    g_tx_tail                                0x200000de   Data           2  arm_servo_bus.o(.data)
    g_tx_active                              0x200000e0   Data           1  arm_servo_bus.o(.data)
    g_response_length                        0x200000e2   Data           2  arm_servo_bus.o(.data)
    g_response_active                        0x200000e4   Data           1  arm_servo_bus.o(.data)
    g_response_discard                       0x200000e5   Data           1  arm_servo_bus.o(.data)
    g_last_response_byte_ms                  0x200000e8   Data           4  arm_servo_bus.o(.data)
    g_rx_overflow_count                      0x200000ec   Data           4  arm_servo_bus.o(.data)
    g_tx_overflow_count                      0x200000f0   Data           4  arm_servo_bus.o(.data)
    g_bad_frame_count                        0x200000f4   Data           4  arm_servo_bus.o(.data)
    g_rx_byte_count                          0x200000f8   Data           4  arm_servo_bus.o(.data)
    g_tx_byte_count                          0x200000fc   Data           4  arm_servo_bus.o(.data)
    g_last_rx_head                           0x20000100   Data           1  arm_servo_bus.o(.data)
    g_last_rx_count                          0x20000101   Data           1  arm_servo_bus.o(.data)
    .data                                    0x20000104   Section       12  arm_servo_executor.o(.data)
    g_busy_until_ms                          0x20000104   Data           4  arm_servo_executor.o(.data)
    g_query_pending                          0x20000108   Data           1  arm_servo_executor.o(.data)
    g_query_enhanced                         0x20000109   Data           1  arm_servo_executor.o(.data)
    g_query_servo_id                         0x2000010a   Data           1  arm_servo_executor.o(.data)
    g_query_deadline_ms                      0x2000010c   Data           4  arm_servo_executor.o(.data)
    .data                                    0x20000110   Section       16  safety_supervisor.o(.data)
    g_estop_latched                          0x20000110   Data           1  safety_supervisor.o(.data)
    g_arm_v2_active                          0x20000111   Data           1  safety_supervisor.o(.data)
    g_arm_watchdog_fired                     0x20000112   Data           1  safety_supervisor.o(.data)
    g_risk_active                            0x20000113   Data           1  safety_supervisor.o(.data)
    g_last_arm_activity_ms                   0x20000114   Data           4  safety_supervisor.o(.data)
    g_risk_event_count                       0x20000118   Data           4  safety_supervisor.o(.data)
    g_arm_watchdog_count                     0x2000011c   Data           4  safety_supervisor.o(.data)
    .data                                    0x20000120   Section        4  strtok.o(.data)
    state                                    0x20000120   Data           4  strtok.o(.data)
    .data                                    0x20000124   Section        4  errno.o(.data)
    _errno                                   0x20000124   Data           4  errno.o(.data)
    .bss                                     0x20000128   Section       32  csr_encoder_drv.o(.bss)
    g_encoder_total                          0x20000128   Data          16  csr_encoder_drv.o(.bss)
    g_encoder_last_delta                     0x20000138   Data          16  csr_encoder_drv.o(.bss)
    .bss                                     0x20000148   Section     1344  csr_motion_link.o(.bss)
    g_line                                   0x20000148   Data          64  csr_motion_link.o(.bss)
    g_rx_ring                                0x20000188   Data         256  csr_motion_link.o(.bss)
    g_tx_ring                                0x20000288   Data        1024  csr_motion_link.o(.bss)
    .bss                                     0x20000688   Section       96  csr_motion_controller.o(.bss)
    g_target_vel_cmd                         0x20000688   Data          16  csr_motion_controller.o(.bss)
    g_target_vel_ramp                        0x20000698   Data          16  csr_motion_controller.o(.bss)
    g_measured_vel                           0x200006a8   Data          16  csr_motion_controller.o(.bss)
    g_filtered_vel                           0x200006b8   Data          16  csr_motion_controller.o(.bss)
    g_incremental_output                     0x200006c8   Data          16  csr_motion_controller.o(.bss)
    g_prev_error                             0x200006d8   Data          16  csr_motion_controller.o(.bss)
    .bss                                     0x200006e8   Section     1152  arm_host_link.o(.bss)
    g_rx_ring                                0x200006e8   Data         512  arm_host_link.o(.bss)
    g_tx_ring                                0x200008e8   Data         512  arm_host_link.o(.bss)
    g_frame                                  0x20000ae8   Data         128  arm_host_link.o(.bss)
    .bss                                     0x20000b68   Section      848  arm_servo_bus.o(.bss)
    g_rx_ring                                0x20000b68   Data         256  arm_servo_bus.o(.bss)
    g_tx_ring                                0x20000c68   Data         512  arm_servo_bus.o(.bss)
    g_response                               0x20000e68   Data          64  arm_servo_bus.o(.bss)
    g_last_rx                                0x20000ea8   Data          16  arm_servo_bus.o(.bss)
    .bss                                     0x20000eb8   Section       12  arm_servo_executor.o(.bss)
    g_last_pwm                               0x20000eb8   Data          12  arm_servo_executor.o(.bss)
    STACK                                    0x20000ec8   Section     1024  startup_stm32f10x_hd.o(STACK)

    Global Symbols

    Symbol Name                              Value     Ov Type        Size  Object(Section)

    BuildAttributes$$THM_ISAv4$P$D$K$B$S$PE$A:L22UL41UL21$X:L11$S22US41US21$IEEE1$IW$USESV6$~STKCKD$USESV7$~SHL$OTIME$ROPI$IEEEJ$EBA8$MICROLIB$REQ8$PRES8$EABIv2 0x00000000   Number         0  anon$$obj.o ABSOLUTE
    __ARM_use_no_argv                        0x00000000   Number         0  main.o ABSOLUTE
    _printf_a                                0x00000000   Number         0  stubs.o ABSOLUTE
    _printf_c                                0x00000000   Number         0  stubs.o ABSOLUTE
    _printf_charcount                        0x00000000   Number         0  stubs.o ABSOLUTE
    _printf_d                                0x00000000   Number         0  stubs.o ABSOLUTE
    _printf_e                                0x00000000   Number         0  stubs.o ABSOLUTE
    _printf_f                                0x00000000   Number         0  stubs.o ABSOLUTE
    _printf_flags                            0x00000000   Number         0  stubs.o ABSOLUTE
    _printf_fp_dec                           0x00000000   Number         0  stubs.o ABSOLUTE
    _printf_fp_hex                           0x00000000   Number         0  stubs.o ABSOLUTE
    _printf_g                                0x00000000   Number         0  stubs.o ABSOLUTE
    _printf_i                                0x00000000   Number         0  stubs.o ABSOLUTE
    _printf_int_dec                          0x00000000   Number         0  stubs.o ABSOLUTE
    _printf_l                                0x00000000   Number         0  stubs.o ABSOLUTE
    _printf_lc                               0x00000000   Number         0  stubs.o ABSOLUTE
    _printf_ll                               0x00000000   Number         0  stubs.o ABSOLUTE
    _printf_lld                              0x00000000   Number         0  stubs.o ABSOLUTE
    _printf_lli                              0x00000000   Number         0  stubs.o ABSOLUTE
    _printf_llo                              0x00000000   Number         0  stubs.o ABSOLUTE
    _printf_llu                              0x00000000   Number         0  stubs.o ABSOLUTE
    _printf_llx                              0x00000000   Number         0  stubs.o ABSOLUTE
    _printf_longlong_dec                     0x00000000   Number         0  stubs.o ABSOLUTE
    _printf_longlong_hex                     0x00000000   Number         0  stubs.o ABSOLUTE
    _printf_longlong_oct                     0x00000000   Number         0  stubs.o ABSOLUTE
    _printf_ls                               0x00000000   Number         0  stubs.o ABSOLUTE
    _printf_mbtowc                           0x00000000   Number         0  stubs.o ABSOLUTE
    _printf_n                                0x00000000   Number         0  stubs.o ABSOLUTE
    _printf_o                                0x00000000   Number         0  stubs.o ABSOLUTE
    _printf_p                                0x00000000   Number         0  stubs.o ABSOLUTE
    _printf_percent                          0x00000000   Number         0  stubs.o ABSOLUTE
    _printf_pre_padding                      0x00000000   Number         0  stubs.o ABSOLUTE
    _printf_return_value                     0x00000000   Number         0  stubs.o ABSOLUTE
    _printf_s                                0x00000000   Number         0  stubs.o ABSOLUTE
    _printf_sizespec                         0x00000000   Number         0  stubs.o ABSOLUTE
    _printf_str                              0x00000000   Number         0  stubs.o ABSOLUTE
    _printf_truncate_signed                  0x00000000   Number         0  stubs.o ABSOLUTE
    _printf_truncate_unsigned                0x00000000   Number         0  stubs.o ABSOLUTE
    _printf_u                                0x00000000   Number         0  stubs.o ABSOLUTE
    _printf_wc                               0x00000000   Number         0  stubs.o ABSOLUTE
    _printf_wctomb                           0x00000000   Number         0  stubs.o ABSOLUTE
    _printf_widthprec                        0x00000000   Number         0  stubs.o ABSOLUTE
    _printf_x                                0x00000000   Number         0  stubs.o ABSOLUTE
    __cpp_initialize__aeabi_                  - Undefined Weak Reference
    __cxa_finalize                            - Undefined Weak Reference
    __decompress                              - Undefined Weak Reference
    _clock_init                               - Undefined Weak Reference
    _microlib_exit                            - Undefined Weak Reference
    __Vectors_Size                           0x00000130   Number         0  startup_stm32f10x_hd.o ABSOLUTE
    __Vectors                                0x08000000   Data           4  startup_stm32f10x_hd.o(RESET)
    __Vectors_End                            0x08000130   Data           0  startup_stm32f10x_hd.o(RESET)
    __main                                   0x08000131   Thumb Code     0  entry.o(.ARM.Collect$$$$00000000)
    _main_stk                                0x08000131   Thumb Code     0  entry2.o(.ARM.Collect$$$$00000001)
    _main_scatterload                        0x08000135   Thumb Code     0  entry5.o(.ARM.Collect$$$$00000004)
    __main_after_scatterload                 0x08000139   Thumb Code     0  entry5.o(.ARM.Collect$$$$00000004)
    _main_clock                              0x08000139   Thumb Code     0  entry7b.o(.ARM.Collect$$$$00000008)
    _main_cpp_init                           0x08000139   Thumb Code     0  entry8b.o(.ARM.Collect$$$$0000000A)
    _main_init                               0x08000139   Thumb Code     0  entry9a.o(.ARM.Collect$$$$0000000B)
    __rt_final_cpp                           0x08000141   Thumb Code     0  entry10a.o(.ARM.Collect$$$$0000000D)
    __rt_final_exit                          0x08000141   Thumb Code     0  entry11a.o(.ARM.Collect$$$$0000000F)
    Reset_Handler                            0x08000145   Thumb Code     8  startup_stm32f10x_hd.o(.text)
    ADC1_2_IRQHandler                        0x0800015f   Thumb Code     0  startup_stm32f10x_hd.o(.text)
    ADC3_IRQHandler                          0x0800015f   Thumb Code     0  startup_stm32f10x_hd.o(.text)
    CAN1_RX1_IRQHandler                      0x0800015f   Thumb Code     0  startup_stm32f10x_hd.o(.text)
    CAN1_SCE_IRQHandler                      0x0800015f   Thumb Code     0  startup_stm32f10x_hd.o(.text)
    DMA1_Channel1_IRQHandler                 0x0800015f   Thumb Code     0  startup_stm32f10x_hd.o(.text)
    DMA1_Channel2_IRQHandler                 0x0800015f   Thumb Code     0  startup_stm32f10x_hd.o(.text)
    DMA1_Channel3_IRQHandler                 0x0800015f   Thumb Code     0  startup_stm32f10x_hd.o(.text)
    DMA1_Channel4_IRQHandler                 0x0800015f   Thumb Code     0  startup_stm32f10x_hd.o(.text)
    DMA1_Channel5_IRQHandler                 0x0800015f   Thumb Code     0  startup_stm32f10x_hd.o(.text)
    DMA1_Channel6_IRQHandler                 0x0800015f   Thumb Code     0  startup_stm32f10x_hd.o(.text)
    DMA1_Channel7_IRQHandler                 0x0800015f   Thumb Code     0  startup_stm32f10x_hd.o(.text)
    DMA2_Channel1_IRQHandler                 0x0800015f   Thumb Code     0  startup_stm32f10x_hd.o(.text)
    DMA2_Channel2_IRQHandler                 0x0800015f   Thumb Code     0  startup_stm32f10x_hd.o(.text)
    DMA2_Channel3_IRQHandler                 0x0800015f   Thumb Code     0  startup_stm32f10x_hd.o(.text)
    DMA2_Channel4_5_IRQHandler               0x0800015f   Thumb Code     0  startup_stm32f10x_hd.o(.text)
    EXTI0_IRQHandler                         0x0800015f   Thumb Code     0  startup_stm32f10x_hd.o(.text)
    EXTI15_10_IRQHandler                     0x0800015f   Thumb Code     0  startup_stm32f10x_hd.o(.text)
    EXTI1_IRQHandler                         0x0800015f   Thumb Code     0  startup_stm32f10x_hd.o(.text)
    EXTI2_IRQHandler                         0x0800015f   Thumb Code     0  startup_stm32f10x_hd.o(.text)
    EXTI3_IRQHandler                         0x0800015f   Thumb Code     0  startup_stm32f10x_hd.o(.text)
    EXTI4_IRQHandler                         0x0800015f   Thumb Code     0  startup_stm32f10x_hd.o(.text)
    EXTI9_5_IRQHandler                       0x0800015f   Thumb Code     0  startup_stm32f10x_hd.o(.text)
    FLASH_IRQHandler                         0x0800015f   Thumb Code     0  startup_stm32f10x_hd.o(.text)
    FSMC_IRQHandler                          0x0800015f   Thumb Code     0  startup_stm32f10x_hd.o(.text)
    I2C1_ER_IRQHandler                       0x0800015f   Thumb Code     0  startup_stm32f10x_hd.o(.text)
    I2C1_EV_IRQHandler                       0x0800015f   Thumb Code     0  startup_stm32f10x_hd.o(.text)
    I2C2_ER_IRQHandler                       0x0800015f   Thumb Code     0  startup_stm32f10x_hd.o(.text)
    I2C2_EV_IRQHandler                       0x0800015f   Thumb Code     0  startup_stm32f10x_hd.o(.text)
    PVD_IRQHandler                           0x0800015f   Thumb Code     0  startup_stm32f10x_hd.o(.text)
    RCC_IRQHandler                           0x0800015f   Thumb Code     0  startup_stm32f10x_hd.o(.text)
    RTCAlarm_IRQHandler                      0x0800015f   Thumb Code     0  startup_stm32f10x_hd.o(.text)
    RTC_IRQHandler                           0x0800015f   Thumb Code     0  startup_stm32f10x_hd.o(.text)
    SDIO_IRQHandler                          0x0800015f   Thumb Code     0  startup_stm32f10x_hd.o(.text)
    SPI1_IRQHandler                          0x0800015f   Thumb Code     0  startup_stm32f10x_hd.o(.text)
    SPI2_IRQHandler                          0x0800015f   Thumb Code     0  startup_stm32f10x_hd.o(.text)
    SPI3_IRQHandler                          0x0800015f   Thumb Code     0  startup_stm32f10x_hd.o(.text)
    TAMPER_IRQHandler                        0x0800015f   Thumb Code     0  startup_stm32f10x_hd.o(.text)
    TIM1_BRK_IRQHandler                      0x0800015f   Thumb Code     0  startup_stm32f10x_hd.o(.text)
    TIM1_CC_IRQHandler                       0x0800015f   Thumb Code     0  startup_stm32f10x_hd.o(.text)
    TIM1_TRG_COM_IRQHandler                  0x0800015f   Thumb Code     0  startup_stm32f10x_hd.o(.text)
    TIM1_UP_IRQHandler                       0x0800015f   Thumb Code     0  startup_stm32f10x_hd.o(.text)
    TIM2_IRQHandler                          0x0800015f   Thumb Code     0  startup_stm32f10x_hd.o(.text)
    TIM3_IRQHandler                          0x0800015f   Thumb Code     0  startup_stm32f10x_hd.o(.text)
    TIM4_IRQHandler                          0x0800015f   Thumb Code     0  startup_stm32f10x_hd.o(.text)
    TIM5_IRQHandler                          0x0800015f   Thumb Code     0  startup_stm32f10x_hd.o(.text)
    TIM6_IRQHandler                          0x0800015f   Thumb Code     0  startup_stm32f10x_hd.o(.text)
    TIM7_IRQHandler                          0x0800015f   Thumb Code     0  startup_stm32f10x_hd.o(.text)
    TIM8_BRK_IRQHandler                      0x0800015f   Thumb Code     0  startup_stm32f10x_hd.o(.text)
    TIM8_CC_IRQHandler                       0x0800015f   Thumb Code     0  startup_stm32f10x_hd.o(.text)
    TIM8_TRG_COM_IRQHandler                  0x0800015f   Thumb Code     0  startup_stm32f10x_hd.o(.text)
    TIM8_UP_IRQHandler                       0x0800015f   Thumb Code     0  startup_stm32f10x_hd.o(.text)
    UART4_IRQHandler                         0x0800015f   Thumb Code     0  startup_stm32f10x_hd.o(.text)
    USART1_IRQHandler                        0x0800015f   Thumb Code     0  startup_stm32f10x_hd.o(.text)
    USBWakeUp_IRQHandler                     0x0800015f   Thumb Code     0  startup_stm32f10x_hd.o(.text)
    USB_HP_CAN1_TX_IRQHandler                0x0800015f   Thumb Code     0  startup_stm32f10x_hd.o(.text)
    USB_LP_CAN1_RX0_IRQHandler               0x0800015f   Thumb Code     0  startup_stm32f10x_hd.o(.text)
    WWDG_IRQHandler                          0x0800015f   Thumb Code     0  startup_stm32f10x_hd.o(.text)
    SystemInit                               0x08000247   Thumb Code    78  system_stm32f10x.o(.text)
    SystemCoreClockUpdate                    0x08000295   Thumb Code   142  system_stm32f10x.o(.text)
    NVIC_PriorityGroupConfig                 0x08000349   Thumb Code    10  misc.o(.text)
    NVIC_Init                                0x08000353   Thumb Code   100  misc.o(.text)
    NVIC_SetVectorTable                      0x080003b7   Thumb Code    14  misc.o(.text)
    NVIC_SystemLPConfig                      0x080003c5   Thumb Code    34  misc.o(.text)
    SysTick_CLKSourceConfig                  0x080003e7   Thumb Code    40  misc.o(.text)
    GPIO_DeInit                              0x08000425   Thumb Code   172  stm32f10x_gpio.o(.text)
    GPIO_AFIODeInit                          0x080004d1   Thumb Code    20  stm32f10x_gpio.o(.text)
    GPIO_Init                                0x080004e5   Thumb Code   278  stm32f10x_gpio.o(.text)
    GPIO_StructInit                          0x080005fb   Thumb Code    16  stm32f10x_gpio.o(.text)
    GPIO_ReadInputDataBit                    0x0800060b   Thumb Code    18  stm32f10x_gpio.o(.text)
    GPIO_ReadInputData                       0x0800061d   Thumb Code     8  stm32f10x_gpio.o(.text)
    GPIO_ReadOutputDataBit                   0x08000625   Thumb Code    18  stm32f10x_gpio.o(.text)
    GPIO_ReadOutputData                      0x08000637   Thumb Code     8  stm32f10x_gpio.o(.text)
    GPIO_SetBits                             0x0800063f   Thumb Code     4  stm32f10x_gpio.o(.text)
    GPIO_ResetBits                           0x08000643   Thumb Code     4  stm32f10x_gpio.o(.text)
    GPIO_WriteBit                            0x08000647   Thumb Code    10  stm32f10x_gpio.o(.text)
    GPIO_Write                               0x08000651   Thumb Code     4  stm32f10x_gpio.o(.text)
    GPIO_PinLockConfig                       0x08000655   Thumb Code    18  stm32f10x_gpio.o(.text)
    GPIO_EventOutputConfig                   0x08000667   Thumb Code    26  stm32f10x_gpio.o(.text)
    GPIO_EventOutputCmd                      0x08000681   Thumb Code     6  stm32f10x_gpio.o(.text)
    GPIO_PinRemapConfig                      0x08000687   Thumb Code   138  stm32f10x_gpio.o(.text)
    GPIO_EXTILineConfig                      0x08000711   Thumb Code    66  stm32f10x_gpio.o(.text)
    GPIO_ETH_MediaInterfaceConfig            0x08000753   Thumb Code     8  stm32f10x_gpio.o(.text)
    RCC_DeInit                               0x08000781   Thumb Code    64  stm32f10x_rcc.o(.text)
    RCC_HSEConfig                            0x080007c1   Thumb Code    70  stm32f10x_rcc.o(.text)
    RCC_GetFlagStatus                        0x08000807   Thumb Code    56  stm32f10x_rcc.o(.text)
    RCC_WaitForHSEStartUp                    0x0800083f   Thumb Code    56  stm32f10x_rcc.o(.text)
    RCC_AdjustHSICalibrationValue            0x08000877   Thumb Code    20  stm32f10x_rcc.o(.text)
    RCC_HSICmd                               0x0800088b   Thumb Code     6  stm32f10x_rcc.o(.text)
    RCC_PLLConfig                            0x08000891   Thumb Code    24  stm32f10x_rcc.o(.text)
    RCC_PLLCmd                               0x080008a9   Thumb Code     6  stm32f10x_rcc.o(.text)
    RCC_SYSCLKConfig                         0x080008af   Thumb Code    18  stm32f10x_rcc.o(.text)
    RCC_GetSYSCLKSource                      0x080008c1   Thumb Code    10  stm32f10x_rcc.o(.text)
    RCC_HCLKConfig                           0x080008cb   Thumb Code    18  stm32f10x_rcc.o(.text)
    RCC_PCLK1Config                          0x080008dd   Thumb Code    18  stm32f10x_rcc.o(.text)
    RCC_PCLK2Config                          0x080008ef   Thumb Code    20  stm32f10x_rcc.o(.text)
    RCC_ITConfig                             0x08000903   Thumb Code    26  stm32f10x_rcc.o(.text)
    RCC_USBCLKConfig                         0x0800091d   Thumb Code     8  stm32f10x_rcc.o(.text)
    RCC_ADCCLKConfig                         0x08000925   Thumb Code    18  stm32f10x_rcc.o(.text)
    RCC_LSEConfig                            0x08000937   Thumb Code    50  stm32f10x_rcc.o(.text)
    RCC_LSICmd                               0x08000969   Thumb Code     6  stm32f10x_rcc.o(.text)
    RCC_RTCCLKConfig                         0x0800096f   Thumb Code    12  stm32f10x_rcc.o(.text)
    RCC_RTCCLKCmd                            0x0800097b   Thumb Code     8  stm32f10x_rcc.o(.text)
    RCC_GetClocksFreq                        0x08000983   Thumb Code   192  stm32f10x_rcc.o(.text)
    RCC_AHBPeriphClockCmd                    0x08000a43   Thumb Code    26  stm32f10x_rcc.o(.text)
    RCC_APB2PeriphClockCmd                   0x08000a5d   Thumb Code    26  stm32f10x_rcc.o(.text)
    RCC_APB1PeriphClockCmd                   0x08000a77   Thumb Code    26  stm32f10x_rcc.o(.text)
    RCC_APB2PeriphResetCmd                   0x08000a91   Thumb Code    26  stm32f10x_rcc.o(.text)
    RCC_APB1PeriphResetCmd                   0x08000aab   Thumb Code    26  stm32f10x_rcc.o(.text)
    RCC_BackupResetCmd                       0x08000ac5   Thumb Code     8  stm32f10x_rcc.o(.text)
    RCC_ClockSecuritySystemCmd               0x08000acd   Thumb Code     6  stm32f10x_rcc.o(.text)
    RCC_MCOConfig                            0x08000ad3   Thumb Code     6  stm32f10x_rcc.o(.text)
    RCC_ClearFlag                            0x08000ad9   Thumb Code    14  stm32f10x_rcc.o(.text)
    RCC_GetITStatus                          0x08000ae7   Thumb Code    20  stm32f10x_rcc.o(.text)
    RCC_ClearITPendingBit                    0x08000afb   Thumb Code     6  stm32f10x_rcc.o(.text)
    TIM_DeInit                               0x08000b25   Thumb Code   424  stm32f10x_tim.o(.text)
    TIM_TimeBaseInit                         0x08000ccd   Thumb Code   122  stm32f10x_tim.o(.text)
    TIM_OC1Init                              0x08000d47   Thumb Code   132  stm32f10x_tim.o(.text)
    TIM_OC2Init                              0x08000dcb   Thumb Code   154  stm32f10x_tim.o(.text)
    TIM_OC3Init                              0x08000e65   Thumb Code   150  stm32f10x_tim.o(.text)
    TIM_OC4Init                              0x08000efb   Thumb Code   182  stm32f10x_tim.o(.text)
    TIM_SetIC4Prescaler                      0x08000fb1   Thumb Code    26  stm32f10x_tim.o(.text)
    TIM_SetIC3Prescaler                      0x0800104d   Thumb Code    18  stm32f10x_tim.o(.text)
    TIM_SetIC2Prescaler                      0x080010d9   Thumb Code    26  stm32f10x_tim.o(.text)
    TIM_SetIC1Prescaler                      0x08001175   Thumb Code    18  stm32f10x_tim.o(.text)
    TIM_ICInit                               0x080011f3   Thumb Code   150  stm32f10x_tim.o(.text)
    TIM_PWMIConfig                           0x08001289   Thumb Code   124  stm32f10x_tim.o(.text)
    TIM_BDTRConfig                           0x08001305   Thumb Code    32  stm32f10x_tim.o(.text)
    TIM_TimeBaseStructInit                   0x08001325   Thumb Code    18  stm32f10x_tim.o(.text)
    TIM_OCStructInit                         0x08001337   Thumb Code    20  stm32f10x_tim.o(.text)
    TIM_ICStructInit                         0x0800134b   Thumb Code    18  stm32f10x_tim.o(.text)
    TIM_BDTRStructInit                       0x0800135d   Thumb Code    40  stm32f10x_tim.o(.text)
    TIM_Cmd                                  0x08001385   Thumb Code    24  stm32f10x_tim.o(.text)
    TIM_CtrlPWMOutputs                       0x0800139d   Thumb Code    30  stm32f10x_tim.o(.text)
    TIM_ITConfig                             0x080013bb   Thumb Code    18  stm32f10x_tim.o(.text)
    TIM_GenerateEvent                        0x080013cd   Thumb Code     4  stm32f10x_tim.o(.text)
    TIM_DMAConfig                            0x080013d1   Thumb Code    10  stm32f10x_tim.o(.text)
    TIM_DMACmd                               0x080013db   Thumb Code    18  stm32f10x_tim.o(.text)
    TIM_InternalClockConfig                  0x080013ed   Thumb Code    12  stm32f10x_tim.o(.text)
    TIM_SelectInputTrigger                   0x080013f9   Thumb Code    18  stm32f10x_tim.o(.text)
    TIM_ITRxExternalClockConfig              0x0800140b   Thumb Code    24  stm32f10x_tim.o(.text)
    TIM_TIxExternalClockConfig               0x08001423   Thumb Code    62  stm32f10x_tim.o(.text)
    TIM_ETRConfig                            0x08001461   Thumb Code    28  stm32f10x_tim.o(.text)
    TIM_ETRClockMode1Config                  0x0800147d   Thumb Code    54  stm32f10x_tim.o(.text)
    TIM_ETRClockMode2Config                  0x080014b3   Thumb Code    32  stm32f10x_tim.o(.text)
    TIM_PrescalerConfig                      0x080014d3   Thumb Code     6  stm32f10x_tim.o(.text)
    TIM_CounterModeConfig                    0x080014d9   Thumb Code    18  stm32f10x_tim.o(.text)
    TIM_EncoderInterfaceConfig               0x080014eb   Thumb Code    66  stm32f10x_tim.o(.text)
    TIM_ForcedOC1Config                      0x0800152d   Thumb Code    18  stm32f10x_tim.o(.text)
    TIM_ForcedOC2Config                      0x0800153f   Thumb Code    26  stm32f10x_tim.o(.text)
    TIM_ForcedOC3Config                      0x08001559   Thumb Code    18  stm32f10x_tim.o(.text)
    TIM_ForcedOC4Config                      0x0800156b   Thumb Code    26  stm32f10x_tim.o(.text)
    TIM_ARRPreloadConfig                     0x08001585   Thumb Code    24  stm32f10x_tim.o(.text)
    TIM_SelectCOM                            0x0800159d   Thumb Code    24  stm32f10x_tim.o(.text)
    TIM_SelectCCDMA                          0x080015b5   Thumb Code    24  stm32f10x_tim.o(.text)
    TIM_CCPreloadControl                     0x080015cd   Thumb Code    24  stm32f10x_tim.o(.text)
    TIM_OC1PreloadConfig                     0x080015e5   Thumb Code    18  stm32f10x_tim.o(.text)
    TIM_OC2PreloadConfig                     0x080015f7   Thumb Code    26  stm32f10x_tim.o(.text)
    TIM_OC3PreloadConfig                     0x08001611   Thumb Code    18  stm32f10x_tim.o(.text)
    TIM_OC4PreloadConfig                     0x08001623   Thumb Code    26  stm32f10x_tim.o(.text)
    TIM_OC1FastConfig                        0x0800163d   Thumb Code    18  stm32f10x_tim.o(.text)
    TIM_OC2FastConfig                        0x0800164f   Thumb Code    26  stm32f10x_tim.o(.text)
    TIM_OC3FastConfig                        0x08001669   Thumb Code    18  stm32f10x_tim.o(.text)
    TIM_OC4FastConfig                        0x0800167b   Thumb Code    26  stm32f10x_tim.o(.text)
    TIM_ClearOC1Ref                          0x08001695   Thumb Code    18  stm32f10x_tim.o(.text)
    TIM_ClearOC2Ref                          0x080016a7   Thumb Code    24  stm32f10x_tim.o(.text)
    TIM_ClearOC3Ref                          0x080016bf   Thumb Code    18  stm32f10x_tim.o(.text)
    TIM_ClearOC4Ref                          0x080016d1   Thumb Code    24  stm32f10x_tim.o(.text)
    TIM_OC1PolarityConfig                    0x080016e9   Thumb Code    18  stm32f10x_tim.o(.text)
    TIM_OC1NPolarityConfig                   0x080016fb   Thumb Code    18  stm32f10x_tim.o(.text)
    TIM_OC2PolarityConfig                    0x0800170d   Thumb Code    26  stm32f10x_tim.o(.text)
    TIM_OC2NPolarityConfig                   0x08001727   Thumb Code    26  stm32f10x_tim.o(.text)
    TIM_OC3PolarityConfig                    0x08001741   Thumb Code    26  stm32f10x_tim.o(.text)
    TIM_OC3NPolarityConfig                   0x0800175b   Thumb Code    26  stm32f10x_tim.o(.text)
    TIM_OC4PolarityConfig                    0x08001775   Thumb Code    26  stm32f10x_tim.o(.text)
    TIM_CCxCmd                               0x0800178f   Thumb Code    30  stm32f10x_tim.o(.text)
    TIM_CCxNCmd                              0x080017ad   Thumb Code    30  stm32f10x_tim.o(.text)
    TIM_SelectOCxM                           0x080017cb   Thumb Code    82  stm32f10x_tim.o(.text)
    TIM_UpdateDisableConfig                  0x0800181d   Thumb Code    24  stm32f10x_tim.o(.text)
    TIM_UpdateRequestConfig                  0x08001835   Thumb Code    24  stm32f10x_tim.o(.text)
    TIM_SelectHallSensor                     0x0800184d   Thumb Code    24  stm32f10x_tim.o(.text)
    TIM_SelectOnePulseMode                   0x08001865   Thumb Code    18  stm32f10x_tim.o(.text)
    TIM_SelectOutputTrigger                  0x08001877   Thumb Code    18  stm32f10x_tim.o(.text)
    TIM_SelectSlaveMode                      0x08001889   Thumb Code    18  stm32f10x_tim.o(.text)
    TIM_SelectMasterSlaveMode                0x0800189b   Thumb Code    18  stm32f10x_tim.o(.text)
    TIM_SetCounter                           0x080018ad   Thumb Code     4  stm32f10x_tim.o(.text)
    TIM_SetAutoreload                        0x080018b1   Thumb Code     4  stm32f10x_tim.o(.text)
    TIM_SetCompare1                          0x080018b5   Thumb Code     4  stm32f10x_tim.o(.text)
    TIM_SetCompare2                          0x080018b9   Thumb Code     4  stm32f10x_tim.o(.text)
    TIM_SetCompare3                          0x080018bd   Thumb Code     4  stm32f10x_tim.o(.text)
    TIM_SetCompare4                          0x080018c1   Thumb Code     6  stm32f10x_tim.o(.text)
    TIM_SetClockDivision                     0x080018c7   Thumb Code    18  stm32f10x_tim.o(.text)
    TIM_GetCapture1                          0x080018d9   Thumb Code     6  stm32f10x_tim.o(.text)
    TIM_GetCapture2                          0x080018df   Thumb Code     6  stm32f10x_tim.o(.text)
    TIM_GetCapture3                          0x080018e5   Thumb Code     6  stm32f10x_tim.o(.text)
    TIM_GetCapture4                          0x080018eb   Thumb Code     8  stm32f10x_tim.o(.text)
    TIM_GetCounter                           0x080018f3   Thumb Code     6  stm32f10x_tim.o(.text)
    TIM_GetPrescaler                         0x080018f9   Thumb Code     6  stm32f10x_tim.o(.text)
    TIM_GetFlagStatus                        0x080018ff   Thumb Code    18  stm32f10x_tim.o(.text)
    TIM_ClearFlag                            0x08001911   Thumb Code     6  stm32f10x_tim.o(.text)
    TIM_GetITStatus                          0x08001917   Thumb Code    34  stm32f10x_tim.o(.text)
    TIM_ClearITPendingBit                    0x08001939   Thumb Code     6  stm32f10x_tim.o(.text)
    USART_DeInit                             0x08001941   Thumb Code   134  stm32f10x_usart.o(.text)
    USART_Init                               0x080019c7   Thumb Code   210  stm32f10x_usart.o(.text)
    USART_StructInit                         0x08001a99   Thumb Code    24  stm32f10x_usart.o(.text)
    USART_ClockInit                          0x08001ab1   Thumb Code    34  stm32f10x_usart.o(.text)
    USART_ClockStructInit                    0x08001ad3   Thumb Code    12  stm32f10x_usart.o(.text)
    USART_Cmd                                0x08001adf   Thumb Code    24  stm32f10x_usart.o(.text)
    USART_ITConfig                           0x08001af7   Thumb Code    74  stm32f10x_usart.o(.text)
    USART_DMACmd                             0x08001b41   Thumb Code    18  stm32f10x_usart.o(.text)
    USART_SetAddress                         0x08001b53   Thumb Code    18  stm32f10x_usart.o(.text)
    USART_WakeUpConfig                       0x08001b65   Thumb Code    18  stm32f10x_usart.o(.text)
    USART_ReceiverWakeUpCmd                  0x08001b77   Thumb Code    24  stm32f10x_usart.o(.text)
    USART_LINBreakDetectLengthConfig         0x08001b8f   Thumb Code    18  stm32f10x_usart.o(.text)
    USART_LINCmd                             0x08001ba1   Thumb Code    24  stm32f10x_usart.o(.text)
    USART_SendData                           0x08001bb9   Thumb Code     8  stm32f10x_usart.o(.text)
    USART_ReceiveData                        0x08001bc1   Thumb Code    10  stm32f10x_usart.o(.text)
    USART_SendBreak                          0x08001bcb   Thumb Code    10  stm32f10x_usart.o(.text)
    USART_SetGuardTime                       0x08001bd5   Thumb Code    16  stm32f10x_usart.o(.text)
    USART_SetPrescaler                       0x08001be5   Thumb Code    16  stm32f10x_usart.o(.text)
    USART_SmartCardCmd                       0x08001bf5   Thumb Code    24  stm32f10x_usart.o(.text)
    USART_SmartCardNACKCmd                   0x08001c0d   Thumb Code    24  stm32f10x_usart.o(.text)
    USART_HalfDuplexCmd                      0x08001c25   Thumb Code    24  stm32f10x_usart.o(.text)
    USART_OverSampling8Cmd                   0x08001c3d   Thumb Code    22  stm32f10x_usart.o(.text)
    USART_OneBitMethodCmd                    0x08001c53   Thumb Code    24  stm32f10x_usart.o(.text)
    USART_IrDAConfig                         0x08001c6b   Thumb Code    18  stm32f10x_usart.o(.text)
    USART_IrDACmd                            0x08001c7d   Thumb Code    24  stm32f10x_usart.o(.text)
    USART_GetFlagStatus                      0x08001c95   Thumb Code    26  stm32f10x_usart.o(.text)
    USART_ClearFlag                          0x08001caf   Thumb Code    18  stm32f10x_usart.o(.text)
    USART_GetITStatus                        0x08001cc1   Thumb Code    84  stm32f10x_usart.o(.text)
    USART_ClearITPendingBit                  0x08001d15   Thumb Code    52  stm32f10x_usart.o(.text)
    SysTick_Handler                          0x08001d4f   Thumb Code    12  main.o(.text)
    main                                     0x08001fb7   Thumb Code   188  main.o(.text)
    NMI_Handler                              0x08002101   Thumb Code     2  stm32f10x_it.o(.text)
    HardFault_Handler                        0x08002103   Thumb Code     4  stm32f10x_it.o(.text)
    MemManage_Handler                        0x08002107   Thumb Code     4  stm32f10x_it.o(.text)
    BusFault_Handler                         0x0800210b   Thumb Code     4  stm32f10x_it.o(.text)
    UsageFault_Handler                       0x0800210f   Thumb Code     4  stm32f10x_it.o(.text)
    SVC_Handler                              0x08002113   Thumb Code     2  stm32f10x_it.o(.text)
    DebugMon_Handler                         0x08002115   Thumb Code     2  stm32f10x_it.o(.text)
    PendSV_Handler                           0x08002117   Thumb Code     2  stm32f10x_it.o(.text)
    csr_motor_stop                           0x08002213   Thumb Code    32  csr_motor_drv.o(.text)
    csr_motor_stop_all                       0x08002313   Thumb Code    22  csr_motor_drv.o(.text)
    csr_motor_init                           0x08002329   Thumb Code   234  csr_motor_drv.o(.text)
    csr_motor_set                            0x08002413   Thumb Code   104  csr_motor_drv.o(.text)
    csr_motor_last_pwm                       0x0800247b   Thumb Code    18  csr_motor_drv.o(.text)
    csr_encoder_init                         0x08002613   Thumb Code    46  csr_encoder_drv.o(.text)
    csr_encoder_read_and_reset               0x08002641   Thumb Code    56  csr_encoder_drv.o(.text)
    csr_encoder_peek                         0x08002679   Thumb Code    18  csr_encoder_drv.o(.text)
    csr_encoder_last_delta                   0x0800268b   Thumb Code    18  csr_encoder_drv.o(.text)
    csr_encoder_zero                         0x0800269d   Thumb Code    36  csr_encoder_drv.o(.text)
    csr_encoder_debug_snapshot               0x080026c1   Thumb Code   186  csr_encoder_drv.o(.text)
    board_resource_map_init                  0x080027a1   Thumb Code    28  board_resource_map.o(.text)
    csr_motion_link_send_error               0x08002929   Thumb Code    26  csr_motion_link.o(.text)
    csr_motion_link_init                     0x08002d91   Thumb Code   196  csr_motion_link.o(.text)
    csr_motion_link_poll                     0x08002e55   Thumb Code   198  csr_motion_link.o(.text)
    csr_motion_link_send_ready               0x08002f1b   Thumb Code    10  csr_motion_link.o(.text)
    csr_motion_link_send_ack                 0x08002f25   Thumb Code    26  csr_motion_link.o(.text)
    csr_motion_link_send_info                0x08002f3f   Thumb Code    10  csr_motion_link.o(.text)
    csr_motion_link_send_enc                 0x08002f49   Thumb Code    34  csr_motion_link.o(.text)
    csr_motion_link_send_dbg                 0x08002f6b   Thumb Code    46  csr_motion_link.o(.text)
    csr_motion_link_send_vel                 0x08002f99   Thumb Code   108  csr_motion_link.o(.text)
    csr_motion_link_send_pwm                 0x08003005   Thumb Code    44  csr_motion_link.o(.text)
    csr_motion_link_send_navdbg              0x08003031   Thumb Code   458  csr_motion_link.o(.text)
    csr_motion_link_rx_overflow_count        0x080031fb   Thumb Code     6  csr_motion_link.o(.text)
    csr_motion_link_tx_overflow_count        0x08003201   Thumb Code     6  csr_motion_link.o(.text)
    csr_motion_link_bad_frame_count          0x08003207   Thumb Code     6  csr_motion_link.o(.text)
    USART2_IRQHandler                        0x0800320d   Thumb Code   146  csr_motion_link.o(.text)
    csr_motion_controller_stop               0x080033a1   Thumb Code    46  csr_motion_controller.o(.text)
    csr_motion_controller_init               0x08003531   Thumb Code    22  csr_motion_controller.o(.text)
    csr_motion_controller_tick               0x08003547   Thumb Code   272  csr_motion_controller.o(.text)
    csr_motion_controller_handle             0x08003657   Thumb Code   382  csr_motion_controller.o(.text)
    csr_motion_controller_watchdog           0x080037d5   Thumb Code    52  csr_motion_controller.o(.text)
    csr_motion_controller_telemetry          0x08003809   Thumb Code    30  csr_motion_controller.o(.text)
    csr_motion_controller_is_stopped         0x08003827   Thumb Code    14  csr_motion_controller.o(.text)
    csr_motion_controller_is_moving          0x08003835   Thumb Code    70  csr_motion_controller.o(.text)
    arm_protocol_parse                       0x08003ae3   Thumb Code   236  arm_protocol.o(.text)
    arm_protocol_error_name                  0x08003bcf   Thumb Code    22  arm_protocol.o(.text)
    arm_host_link_init                       0x08003cdd   Thumb Code   206  arm_host_link.o(.text)
    arm_host_link_send_text                  0x08003dab   Thumb Code    96  arm_host_link.o(.text)
    arm_host_link_poll                       0x08003e0b   Thumb Code   478  arm_host_link.o(.text)
    arm_host_link_send_ready_v2              0x08003fe9   Thumb Code    10  arm_host_link.o(.text)
    arm_host_link_send_info_v2               0x08003ff3   Thumb Code    10  arm_host_link.o(.text)
    arm_host_link_send_ack                   0x08003ffd   Thumb Code    10  arm_host_link.o(.text)
    arm_host_link_send_error                 0x08004007   Thumb Code    26  arm_host_link.o(.text)
    arm_host_link_rx_overflow_count          0x08004021   Thumb Code     6  arm_host_link.o(.text)
    arm_host_link_tx_overflow_count          0x08004027   Thumb Code     6  arm_host_link.o(.text)
    arm_host_link_bad_frame_count            0x0800402d   Thumb Code     6  arm_host_link.o(.text)
    arm_host_link_rx_byte_count              0x08004033   Thumb Code   154  arm_host_link.o(.text)
    arm_host_link_tx_byte_count              0x080040cd   Thumb Code     6  arm_host_link.o(.text)
    USART3_IRQHandler                        0x080040d3   Thumb Code   166  arm_host_link.o(.text)
    arm_servo_bus_init                       0x08004211   Thumb Code   212  arm_servo_bus.o(.text)
    arm_servo_bus_send_frame                 0x080042e5   Thumb Code   132  arm_servo_bus.o(.text)
    arm_servo_bus_poll_response              0x08004369   Thumb Code   270  arm_servo_bus.o(.text)
    arm_servo_bus_is_tx_idle                 0x08004477   Thumb Code    14  arm_servo_bus.o(.text)
    arm_servo_bus_rx_overflow_count          0x08004485   Thumb Code     6  arm_servo_bus.o(.text)
    arm_servo_bus_tx_overflow_count          0x0800448b   Thumb Code     6  arm_servo_bus.o(.text)
    arm_servo_bus_bad_frame_count            0x08004491   Thumb Code     6  arm_servo_bus.o(.text)
    arm_servo_bus_rx_byte_count              0x08004497   Thumb Code     6  arm_servo_bus.o(.text)
    arm_servo_bus_tx_byte_count              0x0800449d   Thumb Code     6  arm_servo_bus.o(.text)
    arm_servo_bus_copy_last_rx               0x080044a3   Thumb Code    56  arm_servo_bus.o(.text)
    UART5_IRQHandler                         0x080044db   Thumb Code   356  arm_servo_bus.o(.text)
    arm_servo_executor_init                  0x080046e1   Thumb Code    46  arm_servo_executor.o(.text)
    arm_servo_executor_is_idle               0x0800470f   Thumb Code    32  arm_servo_executor.o(.text)
    arm_servo_executor_submit                0x0800472f   Thumb Code   264  arm_servo_executor.o(.text)
    arm_servo_executor_stop_all              0x08004837   Thumb Code    44  arm_servo_executor.o(.text)
    arm_servo_executor_tick                  0x08004863   Thumb Code   140  arm_servo_executor.o(.text)
    arm_servo_executor_is_expanded           0x080048ef   Thumb Code    44  arm_servo_executor.o(.text)
    safety_supervisor_init                   0x08004985   Thumb Code    34  safety_supervisor.o(.text)
    safety_supervisor_latch_estop            0x080049a7   Thumb Code    22  safety_supervisor.o(.text)
    safety_supervisor_try_clear_estop        0x080049bd   Thumb Code    42  safety_supervisor.o(.text)
    safety_supervisor_estop_latched          0x080049e7   Thumb Code     6  safety_supervisor.o(.text)
    safety_supervisor_enable_arm_v2          0x080049ed   Thumb Code    18  safety_supervisor.o(.text)
    safety_supervisor_note_arm_activity      0x080049ff   Thumb Code    18  safety_supervisor.o(.text)
    safety_supervisor_arm_v2_active          0x08004a11   Thumb Code     6  safety_supervisor.o(.text)
    safety_supervisor_tick                   0x08004a17   Thumb Code    64  safety_supervisor.o(.text)
    safety_supervisor_monitor_domains        0x08004a57   Thumb Code    46  safety_supervisor.o(.text)
    safety_supervisor_risk_event_count       0x08004a85   Thumb Code     6  safety_supervisor.o(.text)
    safety_supervisor_arm_watchdog_count     0x08004a8b   Thumb Code     6  safety_supervisor.o(.text)
    __aeabi_memcpy                           0x08004ab9   Thumb Code    36  memcpya.o(.text)
    __aeabi_memcpy4                          0x08004ab9   Thumb Code     0  memcpya.o(.text)
    __aeabi_memcpy8                          0x08004ab9   Thumb Code     0  memcpya.o(.text)
    __aeabi_memset                           0x08004add   Thumb Code    14  memseta.o(.text)
    __aeabi_memset4                          0x08004add   Thumb Code     0  memseta.o(.text)
    __aeabi_memset8                          0x08004add   Thumb Code     0  memseta.o(.text)
    __aeabi_memclr                           0x08004aeb   Thumb Code     4  memseta.o(.text)
    __aeabi_memclr4                          0x08004aeb   Thumb Code     0  memseta.o(.text)
    __aeabi_memclr8                          0x08004aeb   Thumb Code     0  memseta.o(.text)
    _memset$wrapper                          0x08004aef   Thumb Code    18  memseta.o(.text)
    strncpy                                  0x08004b01   Thumb Code    24  strncpy.o(.text)
    strlen                                   0x08004b19   Thumb Code    14  strlen.o(.text)
    strcmp                                   0x08004b27   Thumb Code    28  strcmp.o(.text)
    memcmp                                   0x08004b43   Thumb Code    26  memcmp.o(.text)
    strncat                                  0x08004b5d   Thumb Code    40  strncat.o(.text)
    strcpy                                   0x08004b85   Thumb Code    18  strcpy.o(.text)
    strtok                                   0x08004b99   Thumb Code    62  strtok.o(.text)
    strtol                                   0x08004bdd   Thumb Code   112  strtol.o(.text)
    __aeabi_fadd                             0x08004c4d   Thumb Code   164  fadd.o(.text)
    __aeabi_fsub                             0x08004cf1   Thumb Code     6  fadd.o(.text)
    __aeabi_frsub                            0x08004cf7   Thumb Code     6  fadd.o(.text)
    __aeabi_fmul                             0x08004cfd   Thumb Code   100  fmul.o(.text)
    __aeabi_i2f                              0x08004d61   Thumb Code    18  fflti.o(.text)
    __aeabi_f2iz                             0x08004d73   Thumb Code    50  ffixi.o(.text)
    __aeabi_d2f                              0x08004da5   Thumb Code    56  d2f.o(.text)
    __aeabi_cfcmpeq                          0x08004ddd   Thumb Code     0  cfcmple.o(.text)
    __aeabi_cfcmple                          0x08004ddd   Thumb Code    20  cfcmple.o(.text)
    __aeabi_cfrcmple                         0x08004df1   Thumb Code    20  cfrcmple.o(.text)
    __aeabi_uldivmod                         0x08004e05   Thumb Code    98  uldiv.o(.text)
    __rt_ctype_table                         0x08004e69   Thumb Code     4  ctype_o.o(.text)
    isspace                                  0x08004e71   Thumb Code    18  isspace_o.o(.text)
    _strtoul                                 0x08004e83   Thumb Code   158  _strtoul.o(.text)
    __strtod_int                             0x08004f57   Thumb Code    90  strtod.o(.text)
    __I$use$fp                               0x08004fbd   Thumb Code     0  iusefp.o(.text)
    _float_round                             0x08004fbd   Thumb Code    18  fepilogue.o(.text)
    _float_epilogue                          0x08004fcf   Thumb Code    92  fepilogue.o(.text)
    __aeabi_dmul                             0x0800502b   Thumb Code   228  dmul.o(.text)
    __aeabi_ddiv                             0x0800510f   Thumb Code   222  ddiv.o(.text)
    __scatterload                            0x080051ed   Thumb Code    28  init.o(.text)
    __scatterload_rt2                        0x080051ed   Thumb Code     0  init.o(.text)
    __aeabi_llsl                             0x08005211   Thumb Code    30  llshl.o(.text)
    _ll_shift_l                              0x08005211   Thumb Code     0  llshl.o(.text)
    __aeabi_llsr                             0x0800522f   Thumb Code    32  llushr.o(.text)
    _ll_ushift_r                             0x0800522f   Thumb Code     0  llushr.o(.text)
    _chval                                   0x0800524f   Thumb Code    28  _chval.o(.text)
    _scanf_real                              0x08005395   Thumb Code     0  scanf_fp.o(.text)
    _scanf_really_real                       0x08005395   Thumb Code   556  scanf_fp.o(.text)
    _sgetc                                   0x080055cd   Thumb Code    30  _sgetc.o(.text)
    _sbackspace                              0x080055eb   Thumb Code    34  _sgetc.o(.text)
    _double_round                            0x0800560d   Thumb Code    30  depilogue.o(.text)
    _double_epilogue                         0x0800562b   Thumb Code   156  depilogue.o(.text)
    __aeabi_ul2d                             0x080056c7   Thumb Code    24  dfltul.o(.text)
    __0sprintf$8                             0x080056e1   Thumb Code    34  printf8.o(i.__0sprintf$8)
    __1sprintf$8                             0x080056e1   Thumb Code     0  printf8.o(i.__0sprintf$8)
    __2sprintf                               0x080056e1   Thumb Code     0  printf8.o(i.__0sprintf$8)
    __aeabi_errno_addr                       0x08005709   Thumb Code     4  errno.o(i.__aeabi_errno_addr)
    __rt_errno_addr                          0x08005709   Thumb Code     0  errno.o(i.__aeabi_errno_addr)
    __scatterload_copy                       0x08005711   Thumb Code    14  handlers.o(i.__scatterload_copy)
    __scatterload_null                       0x0800571f   Thumb Code     2  handlers.o(i.__scatterload_null)
    __scatterload_zeroinit                   0x08005721   Thumb Code    14  handlers.o(i.__scatterload_zeroinit)
    _is_digit                                0x0800572f   Thumb Code    14  scanf_fp.o(i._is_digit)
    strtod                                   0x08005ba9   Thumb Code    28  strtod.o(i.strtod)
    __ctype_table                            0x08005bc4   Data         129  ctype_o.o(.constdata)
    Region$$Table$$Base                      0x08005cd4   Number         0  anon$$obj.o(Region$$Table)
    Region$$Table$$Limit                     0x08005cf4   Number         0  anon$$obj.o(Region$$Table)
    SystemCoreClock                          0x20000000   Data           4  system_stm32f10x.o(.data)
    AHBPrescTable                            0x20000004   Data          16  system_stm32f10x.o(.data)
    g_csr_motor_dir_sign                     0x2000004c   Data           4  csr_board_map.o(.data)
    g_csr_encoder_dir_sign                   0x20000050   Data           4  csr_board_map.o(.data)
    __initial_sp                             0x200012c8   Data           0  startup_stm32f10x_hd.o(STACK)



==============================================================================

Memory Map of the image

  Image Entry point : 0x08000131

  Load Region LR_IROM1 (Base: 0x08000000, Size: 0x00005e1c, Max: 0x00040000, ABSOLUTE)

    Execution Region ER_IROM1 (Exec base: 0x08000000, Load base: 0x08000000, Size: 0x00005cf4, Max: 0x00040000, ABSOLUTE)

    Exec Addr    Load Addr    Size         Type   Attr      Idx    E Section Name        Object

    0x08000000   0x08000000   0x00000130   Data   RO            3    RESET               startup_stm32f10x_hd.o
    0x08000130   0x08000130   0x00000000   Code   RO          391  * .ARM.Collect$$$$00000000  mc_w.l(entry.o)
    0x08000130   0x08000130   0x00000004   Code   RO          695    .ARM.Collect$$$$00000001  mc_w.l(entry2.o)
    0x08000134   0x08000134   0x00000004   Code   RO          698    .ARM.Collect$$$$00000004  mc_w.l(entry5.o)
    0x08000138   0x08000138   0x00000000   Code   RO          700    .ARM.Collect$$$$00000008  mc_w.l(entry7b.o)
    0x08000138   0x08000138   0x00000000   Code   RO          702    .ARM.Collect$$$$0000000A  mc_w.l(entry8b.o)
    0x08000138   0x08000138   0x00000008   Code   RO          703    .ARM.Collect$$$$0000000B  mc_w.l(entry9a.o)
    0x08000140   0x08000140   0x00000000   Code   RO          705    .ARM.Collect$$$$0000000D  mc_w.l(entry10a.o)
    0x08000140   0x08000140   0x00000000   Code   RO          707    .ARM.Collect$$$$0000000F  mc_w.l(entry11a.o)
    0x08000140   0x08000140   0x00000004   Code   RO          696    .ARM.Collect$$$$00002712  mc_w.l(entry2.o)
    0x08000144   0x08000144   0x00000024   Code   RO            4    .text               startup_stm32f10x_hd.o
    0x08000168   0x08000168   0x000001e0   Code   RO           24    .text               system_stm32f10x.o
    0x08000348   0x08000348   0x000000dc   Code   RO           67    .text               misc.o
    0x08000424   0x08000424   0x0000035c   Code   RO           93    .text               stm32f10x_gpio.o
    0x08000780   0x08000780   0x000003a4   Code   RO          105    .text               stm32f10x_rcc.o
    0x08000b24   0x08000b24   0x00000e1a   Code   RO          119    .text               stm32f10x_tim.o
    0x0800193e   0x0800193e   0x00000002   PAD
    0x08001940   0x08001940   0x00000408   Code   RO          131    .text               stm32f10x_usart.o
    0x08001d48   0x08001d48   0x000003b8   Code   RO          143    .text               main.o
    0x08002100   0x08002100   0x00000018   Code   RO          209    .text               stm32f10x_it.o
    0x08002118   0x08002118   0x00000388   Code   RO          243    .text               csr_motor_drv.o
    0x080024a0   0x080024a0   0x00000300   Code   RO          257    .text               csr_encoder_drv.o
    0x080027a0   0x080027a0   0x00000020   Code   RO          271    .text               board_resource_map.o
    0x080027c0   0x080027c0   0x00000b10   Code   RO          283    .text               csr_motion_link.o
    0x080032d0   0x080032d0   0x000005d0   Code   RO          298    .text               csr_motion_controller.o
    0x080038a0   0x080038a0   0x000003ac   Code   RO          313    .text               arm_protocol.o
    0x08003c4c   0x08003c4c   0x00000558   Code   RO          328    .text               arm_host_link.o
    0x080041a4   0x080041a4   0x000004a4   Code   RO          343    .text               arm_servo_bus.o
    0x08004648   0x08004648   0x0000033c   Code   RO          358    .text               arm_servo_executor.o
    0x08004984   0x08004984   0x00000134   Code   RO          373    .text               safety_supervisor.o
    0x08004ab8   0x08004ab8   0x00000024   Code   RO          394    .text               mc_w.l(memcpya.o)
    0x08004adc   0x08004adc   0x00000024   Code   RO          396    .text               mc_w.l(memseta.o)
    0x08004b00   0x08004b00   0x00000018   Code   RO          398    .text               mc_w.l(strncpy.o)
    0x08004b18   0x08004b18   0x0000000e   Code   RO          400    .text               mc_w.l(strlen.o)
    0x08004b26   0x08004b26   0x0000001c   Code   RO          402    .text               mc_w.l(strcmp.o)
    0x08004b42   0x08004b42   0x0000001a   Code   RO          404    .text               mc_w.l(memcmp.o)
    0x08004b5c   0x08004b5c   0x00000028   Code   RO          406    .text               mc_w.l(strncat.o)
    0x08004b84   0x08004b84   0x00000012   Code   RO          408    .text               mc_w.l(strcpy.o)
    0x08004b96   0x08004b96   0x00000002   PAD
    0x08004b98   0x08004b98   0x00000044   Code   RO          410    .text               mc_w.l(strtok.o)
    0x08004bdc   0x08004bdc   0x00000070   Code   RO          679    .text               mc_w.l(strtol.o)
    0x08004c4c   0x08004c4c   0x000000b0   Code   RO          681    .text               mf_w.l(fadd.o)
    0x08004cfc   0x08004cfc   0x00000064   Code   RO          683    .text               mf_w.l(fmul.o)
    0x08004d60   0x08004d60   0x00000012   Code   RO          685    .text               mf_w.l(fflti.o)
    0x08004d72   0x08004d72   0x00000032   Code   RO          687    .text               mf_w.l(ffixi.o)
    0x08004da4   0x08004da4   0x00000038   Code   RO          689    .text               mf_w.l(d2f.o)
    0x08004ddc   0x08004ddc   0x00000014   Code   RO          691    .text               mf_w.l(cfcmple.o)
    0x08004df0   0x08004df0   0x00000014   Code   RO          693    .text               mf_w.l(cfrcmple.o)
    0x08004e04   0x08004e04   0x00000062   Code   RO          714    .text               mc_w.l(uldiv.o)
    0x08004e66   0x08004e66   0x00000002   PAD
    0x08004e68   0x08004e68   0x00000008   Code   RO          716    .text               mc_w.l(ctype_o.o)
    0x08004e70   0x08004e70   0x00000012   Code   RO          738    .text               mc_w.l(isspace_o.o)
    0x08004e82   0x08004e82   0x0000009e   Code   RO          751    .text               mc_w.l(_strtoul.o)
    0x08004f20   0x08004f20   0x0000009c   Code   RO          753    .text               mc_w.l(strtod.o)
    0x08004fbc   0x08004fbc   0x00000000   Code   RO          755    .text               mc_w.l(iusefp.o)
    0x08004fbc   0x08004fbc   0x0000006e   Code   RO          756    .text               mf_w.l(fepilogue.o)
    0x0800502a   0x0800502a   0x000000e4   Code   RO          760    .text               mf_w.l(dmul.o)
    0x0800510e   0x0800510e   0x000000de   Code   RO          762    .text               mf_w.l(ddiv.o)
    0x080051ec   0x080051ec   0x00000024   Code   RO          768    .text               mc_w.l(init.o)
    0x08005210   0x08005210   0x0000001e   Code   RO          771    .text               mc_w.l(llshl.o)
    0x0800522e   0x0800522e   0x00000020   Code   RO          773    .text               mc_w.l(llushr.o)
    0x0800524e   0x0800524e   0x0000001c   Code   RO          779    .text               mc_w.l(_chval.o)
    0x0800526a   0x0800526a   0x00000002   PAD
    0x0800526c   0x0800526c   0x00000360   Code   RO          781    .text               mc_w.l(scanf_fp.o)
    0x080055cc   0x080055cc   0x00000040   Code   RO          785    .text               mc_w.l(_sgetc.o)
    0x0800560c   0x0800560c   0x000000ba   Code   RO          788    .text               mf_w.l(depilogue.o)
    0x080056c6   0x080056c6   0x00000018   Code   RO          793    .text               mf_w.l(dfltul.o)
    0x080056de   0x080056de   0x00000002   PAD
    0x080056e0   0x080056e0   0x00000028   Code   RO          627    i.__0sprintf$8      mc_w.l(printf8.o)
    0x08005708   0x08005708   0x00000008   Code   RO          744    i.__aeabi_errno_addr  mc_w.l(errno.o)
    0x08005710   0x08005710   0x0000000e   Code   RO          797    i.__scatterload_copy  mc_w.l(handlers.o)
    0x0800571e   0x0800571e   0x00000002   Code   RO          798    i.__scatterload_null  mc_w.l(handlers.o)
    0x08005720   0x08005720   0x0000000e   Code   RO          799    i.__scatterload_zeroinit  mc_w.l(handlers.o)
    0x0800572e   0x0800572e   0x0000000e   Code   RO          783    i._is_digit         mc_w.l(scanf_fp.o)
    0x0800573c   0x0800573c   0x00000410   Code   RO          632    i._printf_core      mc_w.l(printf8.o)
    0x08005b4c   0x08005b4c   0x00000024   Code   RO          633    i._printf_post_padding  mc_w.l(printf8.o)
    0x08005b70   0x08005b70   0x0000002e   Code   RO          634    i._printf_pre_padding  mc_w.l(printf8.o)
    0x08005b9e   0x08005b9e   0x0000000a   Code   RO          636    i._sputc            mc_w.l(printf8.o)
    0x08005ba8   0x08005ba8   0x0000001c   Code   RO          388    i.strtod            m_ws.l(strtod.o)
    0x08005bc4   0x08005bc4   0x00000081   Data   RO          717    .constdata          mc_w.l(ctype_o.o)
    0x08005c45   0x08005c45   0x00000003   PAD
    0x08005c48   0x08005c48   0x00000004   Data   RO          718    .constdata          mc_w.l(ctype_o.o)
    0x08005c4c   0x08005c4c   0x00000057   Data   RO          144    .conststring        main.o
    0x08005ca3   0x08005ca3   0x00000001   PAD
    0x08005ca4   0x08005ca4   0x0000002f   Data   RO          225    .conststring        csr_board_map.o
    0x08005cd3   0x08005cd3   0x00000001   PAD
    0x08005cd4   0x08005cd4   0x00000020   Data   RO          795    Region$$Table       anon$$obj.o


    Execution Region RW_IRAM1 (Exec base: 0x20000000, Load base: 0x08005cf4, Size: 0x000012c8, Max: 0x0000c000, ABSOLUTE)

    Exec Addr    Load Addr    Size         Type   Attr      Idx    E Section Name        Object

    0x20000000   0x08005cf4   0x00000014   Data   RW           25    .data               system_stm32f10x.o
    0x20000014   0x08005d08   0x00000014   Data   RW          106    .data               stm32f10x_rcc.o
    0x20000028   0x08005d1c   0x00000004   Data   RW          145    .data               main.o
    0x2000002c   0x08005d20   0x00000028   Data   RW          226    .data               csr_board_map.o
    0x20000054   0x08005d48   0x00000008   Data   RW          244    .data               csr_motor_drv.o
    0x2000005c   0x08005d50   0x0000001c   Data   RW          285    .data               csr_motion_link.o
    0x20000078   0x08005d6c   0x00000038   Data   RW          300    .data               csr_motion_controller.o
    0x200000b0   0x08005da4   0x00000028   Data   RW          330    .data               arm_host_link.o
    0x200000d8   0x08005dcc   0x0000002a   Data   RW          345    .data               arm_servo_bus.o
    0x20000102   0x08005df6   0x00000002   PAD
    0x20000104   0x08005df8   0x0000000c   Data   RW          360    .data               arm_servo_executor.o
    0x20000110   0x08005e04   0x00000010   Data   RW          374    .data               safety_supervisor.o
    0x20000120   0x08005e14   0x00000004   Data   RW          411    .data               mc_w.l(strtok.o)
    0x20000124   0x08005e18   0x00000004   Data   RW          747    .data               mc_w.l(errno.o)
    0x20000128        -       0x00000020   Zero   RW          258    .bss                csr_encoder_drv.o
    0x20000148        -       0x00000540   Zero   RW          284    .bss                csr_motion_link.o
    0x20000688        -       0x00000060   Zero   RW          299    .bss                csr_motion_controller.o
    0x200006e8        -       0x00000480   Zero   RW          329    .bss                arm_host_link.o
    0x20000b68        -       0x00000350   Zero   RW          344    .bss                arm_servo_bus.o
    0x20000eb8        -       0x0000000c   Zero   RW          359    .bss                arm_servo_executor.o
    0x20000ec4   0x08005e1c   0x00000004   PAD
    0x20000ec8        -       0x00000400   Zero   RW            1    STACK               startup_stm32f10x_hd.o


==============================================================================

Image component sizes


      Code (inc. data)   RO Data    RW Data    ZI Data      Debug   Object Name

      1368        192          0         40       1152       5807   arm_host_link.o
       940        104          0          0          0       3933   arm_protocol.o
      1188         98          0         42        848       5477   arm_servo_bus.o
       828        106          0         12         12       3970   arm_servo_executor.o
        32          4          0          0          0        486   board_resource_map.o
         0          0          0          0          0       4508   core_cm3.o
         0          0         47         40          0        710   csr_board_map.o
       768         38          0          0         32       3786   csr_encoder_drv.o
      1488        146          0         56         96       6060   csr_motion_controller.o
      2832        468          0         28       1344       9875   csr_motion_link.o
       904         20          0          8          0       4240   csr_motor_drv.o
       952        142         87          4          0      22652   main.o
       220         22          0          0          0     206525   misc.o
       308         40          0         16          0       2950   safety_supervisor.o
        36          8        304          0       1024        824   startup_stm32f10x_hd.o
       860         38          0          0          0       5693   stm32f10x_gpio.o
        24          0          0          0          0       1110   stm32f10x_it.o
       932         36          0         20          0       8868   stm32f10x_rcc.o
      3610         88          0          0          0      22804   stm32f10x_tim.o
      1032         22          0          0          0       8416   stm32f10x_usart.o
       480         38          0         20          0      45255   system_stm32f10x.o

    ----------------------------------------------------------------------
     18804       1610        472        288       4512     373949   Object Totals
         0          0         32          0          0          0   (incl. Generated)
         2          0          2          2          4          0   (incl. Padding)

    ----------------------------------------------------------------------

      Code (inc. data)   RO Data    RW Data    ZI Data      Debug   Library Member Name

        28          0          0          0          0         80   strtod.o
        28          0          0          0          0         68   _chval.o
        64          0          0          0          0         84   _sgetc.o
       158          0          0          0          0         92   _strtoul.o
         8          4        133          0          0         68   ctype_o.o
         0          0          0          0          0          0   entry.o
         0          0          0          0          0          0   entry10a.o
         0          0          0          0          0          0   entry11a.o
         8          4          0          0          0          0   entry2.o
         4          0          0          0          0          0   entry5.o
         0          0          0          0          0          0   entry7b.o
         0          0          0          0          0          0   entry8b.o
         8          4          0          0          0          0   entry9a.o
         8          4          0          4          0         68   errno.o
        30          0          0          0          0          0   handlers.o
        36          8          0          0          0         68   init.o
        18          0          0          0          0         76   isspace_o.o
         0          0          0          0          0          0   iusefp.o
        30          0          0          0          0         68   llshl.o
        32          0          0          0          0         68   llushr.o
        26          0          0          0          0         80   memcmp.o
        36          0          0          0          0         68   memcpya.o
        36          0          0          0          0        108   memseta.o
      1172         50          0          0          0        420   printf8.o
       878         12          0          0          0        216   scanf_fp.o
        28          0          0          0          0         76   strcmp.o
        18          0          0          0          0         68   strcpy.o
        14          0          0          0          0         68   strlen.o
        40          0          0          0          0         76   strncat.o
        24          0          0          0          0         76   strncpy.o
       156         12          0          0          0        120   strtod.o
        68          6          0          4          0         80   strtok.o
       112          0          0          0          0         88   strtol.o
        98          0          0          0          0         92   uldiv.o
        20          0          0          0          0         68   cfcmple.o
        20          0          0          0          0         68   cfrcmple.o
        56          0          0          0          0         88   d2f.o
       222          0          0          0          0        100   ddiv.o
       186          0          0          0          0        176   depilogue.o
        24          0          0          0          0         76   dfltul.o
       228          0          0          0          0         96   dmul.o
       176          0          0          0          0        140   fadd.o
       110          0          0          0          0        168   fepilogue.o
        50          0          0          0          0         68   ffixi.o
        18          0          0          0          0         68   fflti.o
       100          0          0          0          0         76   fmul.o

    ----------------------------------------------------------------------
      4384        104        136          8          0       3568   Library Totals
         8          0          3          0          0          0   (incl. Padding)

    ----------------------------------------------------------------------

      Code (inc. data)   RO Data    RW Data    ZI Data      Debug   Library Name

        28          0          0          0          0         80   m_ws.l
      3138        104        133          8          0       2296   mc_w.l
      1210          0          0          0          0       1192   mf_w.l

    ----------------------------------------------------------------------
      4384        104        136          8          0       3568   Library Totals

    ----------------------------------------------------------------------

==============================================================================


      Code (inc. data)   RO Data    RW Data    ZI Data      Debug   

     23188       1714        608        296       4512     373873   Grand Totals
     23188       1714        608        296       4512     373873   ELF Image Totals
     23188       1714        608        296          0          0   ROM Totals

==============================================================================

    Total RO  Size (Code + RO Data)                23796 (  23.24kB)
    Total RW  Size (RW Data + ZI Data)              4808 (   4.70kB)
    Total ROM Size (Code + RO Data + RW Data)      24092 (  23.53kB)

==============================================================================

