Archive member included to satisfy reference by file (symbol)

F:/CodeForge/STM32CubeIDE_2.1.0/STM32CubeIDE/plugins/com.st.stm32cube.ide.mcu.externaltools.gnu-tools-for-stm32.14.3.rel1.win32_1.0.100.202602081740/tools/bin/../lib/gcc/arm-none-eabi/14.3.1/../../../../arm-none-eabi/lib/thumb/v7e-m/nofp\libc_nano.a(libc_a-exit.o)
                              F:/CodeForge/STM32CubeIDE_2.1.0/STM32CubeIDE/plugins/com.st.stm32cube.ide.mcu.externaltools.gnu-tools-for-stm32.14.3.rel1.win32_1.0.100.202602081740/tools/bin/../lib/gcc/arm-none-eabi/14.3.1/../../../../arm-none-eabi/lib/thumb/v7e-m/nofp/crt0.o (exit)
F:/CodeForge/STM32CubeIDE_2.1.0/STM32CubeIDE/plugins/com.st.stm32cube.ide.mcu.externaltools.gnu-tools-for-stm32.14.3.rel1.win32_1.0.100.202602081740/tools/bin/../lib/gcc/arm-none-eabi/14.3.1/../../../../arm-none-eabi/lib/thumb/v7e-m/nofp\libc_nano.a(libc_a-findfp.o)
                              F:/CodeForge/STM32CubeIDE_2.1.0/STM32CubeIDE/plugins/com.st.stm32cube.ide.mcu.externaltools.gnu-tools-for-stm32.14.3.rel1.win32_1.0.100.202602081740/tools/bin/../lib/gcc/arm-none-eabi/14.3.1/../../../../arm-none-eabi/lib/thumb/v7e-m/nofp\libc_nano.a(libc_a-exit.o) (__stdio_exit_handler)
F:/CodeForge/STM32CubeIDE_2.1.0/STM32CubeIDE/plugins/com.st.stm32cube.ide.mcu.externaltools.gnu-tools-for-stm32.14.3.rel1.win32_1.0.100.202602081740/tools/bin/../lib/gcc/arm-none-eabi/14.3.1/../../../../arm-none-eabi/lib/thumb/v7e-m/nofp\libc_nano.a(libc_a-fwalk.o)
                              F:/CodeForge/STM32CubeIDE_2.1.0/STM32CubeIDE/plugins/com.st.stm32cube.ide.mcu.externaltools.gnu-tools-for-stm32.14.3.rel1.win32_1.0.100.202602081740/tools/bin/../lib/gcc/arm-none-eabi/14.3.1/../../../../arm-none-eabi/lib/thumb/v7e-m/nofp\libc_nano.a(libc_a-findfp.o) (_fwalk_sglue)
F:/CodeForge/STM32CubeIDE_2.1.0/STM32CubeIDE/plugins/com.st.stm32cube.ide.mcu.externaltools.gnu-tools-for-stm32.14.3.rel1.win32_1.0.100.202602081740/tools/bin/../lib/gcc/arm-none-eabi/14.3.1/../../../../arm-none-eabi/lib/thumb/v7e-m/nofp\libc_nano.a(libc_a-stdio.o)
                              F:/CodeForge/STM32CubeIDE_2.1.0/STM32CubeIDE/plugins/com.st.stm32cube.ide.mcu.externaltools.gnu-tools-for-stm32.14.3.rel1.win32_1.0.100.202602081740/tools/bin/../lib/gcc/arm-none-eabi/14.3.1/../../../../arm-none-eabi/lib/thumb/v7e-m/nofp\libc_nano.a(libc_a-findfp.o) (__sread)
F:/CodeForge/STM32CubeIDE_2.1.0/STM32CubeIDE/plugins/com.st.stm32cube.ide.mcu.externaltools.gnu-tools-for-stm32.14.3.rel1.win32_1.0.100.202602081740/tools/bin/../lib/gcc/arm-none-eabi/14.3.1/../../../../arm-none-eabi/lib/thumb/v7e-m/nofp\libc_nano.a(libc_a-memset.o)
                              F:/CodeForge/STM32CubeIDE_2.1.0/STM32CubeIDE/plugins/com.st.stm32cube.ide.mcu.externaltools.gnu-tools-for-stm32.14.3.rel1.win32_1.0.100.202602081740/tools/bin/../lib/gcc/arm-none-eabi/14.3.1/../../../../arm-none-eabi/lib/thumb/v7e-m/nofp/crt0.o (memset)
F:/CodeForge/STM32CubeIDE_2.1.0/STM32CubeIDE/plugins/com.st.stm32cube.ide.mcu.externaltools.gnu-tools-for-stm32.14.3.rel1.win32_1.0.100.202602081740/tools/bin/../lib/gcc/arm-none-eabi/14.3.1/../../../../arm-none-eabi/lib/thumb/v7e-m/nofp\libc_nano.a(libc_a-strncmp.o)
                              F:\Project\CleanScout_rover\.build\cj_bridge_f411\main.o (strncmp)
F:/CodeForge/STM32CubeIDE_2.1.0/STM32CubeIDE/plugins/com.st.stm32cube.ide.mcu.externaltools.gnu-tools-for-stm32.14.3.rel1.win32_1.0.100.202602081740/tools/bin/../lib/gcc/arm-none-eabi/14.3.1/../../../../arm-none-eabi/lib/thumb/v7e-m/nofp\libc_nano.a(libc_a-closer.o)
                              F:/CodeForge/STM32CubeIDE_2.1.0/STM32CubeIDE/plugins/com.st.stm32cube.ide.mcu.externaltools.gnu-tools-for-stm32.14.3.rel1.win32_1.0.100.202602081740/tools/bin/../lib/gcc/arm-none-eabi/14.3.1/../../../../arm-none-eabi/lib/thumb/v7e-m/nofp\libc_nano.a(libc_a-stdio.o) (_close_r)
F:/CodeForge/STM32CubeIDE_2.1.0/STM32CubeIDE/plugins/com.st.stm32cube.ide.mcu.externaltools.gnu-tools-for-stm32.14.3.rel1.win32_1.0.100.202602081740/tools/bin/../lib/gcc/arm-none-eabi/14.3.1/../../../../arm-none-eabi/lib/thumb/v7e-m/nofp\libc_nano.a(libc_a-reent.o)
                              F:/CodeForge/STM32CubeIDE_2.1.0/STM32CubeIDE/plugins/com.st.stm32cube.ide.mcu.externaltools.gnu-tools-for-stm32.14.3.rel1.win32_1.0.100.202602081740/tools/bin/../lib/gcc/arm-none-eabi/14.3.1/../../../../arm-none-eabi/lib/thumb/v7e-m/nofp\libc_nano.a(libc_a-closer.o) (errno)
F:/CodeForge/STM32CubeIDE_2.1.0/STM32CubeIDE/plugins/com.st.stm32cube.ide.mcu.externaltools.gnu-tools-for-stm32.14.3.rel1.win32_1.0.100.202602081740/tools/bin/../lib/gcc/arm-none-eabi/14.3.1/../../../../arm-none-eabi/lib/thumb/v7e-m/nofp\libc_nano.a(libc_a-impure.o)
                              F:/CodeForge/STM32CubeIDE_2.1.0/STM32CubeIDE/plugins/com.st.stm32cube.ide.mcu.externaltools.gnu-tools-for-stm32.14.3.rel1.win32_1.0.100.202602081740/tools/bin/../lib/gcc/arm-none-eabi/14.3.1/../../../../arm-none-eabi/lib/thumb/v7e-m/nofp\libc_nano.a(libc_a-reent.o) (_impure_ptr)
[...]
Memory Configuration

Name             Origin             Length             Attributes
FLASH            0x08000000         0x00080000         xr
RAM              0x20000000         0x00020000         xrw
*default*        0x00000000         0xffffffff

Linker script and memory map

LOAD F:/CodeForge/STM32CubeIDE_2.1.0/STM32CubeIDE/plugins/com.st.stm32cube.ide.mcu.externaltools.gnu-tools-for-stm32.14.3.rel1.win32_1.0.100.202602081740/tools/bin/../lib/gcc/arm-none-eabi/14.3.1/thumb/v7e-m/nofp/crti.o
LOAD F:/CodeForge/STM32CubeIDE_2.1.0/STM32CubeIDE/plugins/com.st.stm32cube.ide.mcu.externaltools.gnu-tools-for-stm32.14.3.rel1.win32_1.0.100.202602081740/tools/bin/../lib/gcc/arm-none-eabi/14.3.1/thumb/v7e-m/nofp/crtbegin.o
LOAD F:/CodeForge/STM32CubeIDE_2.1.0/STM32CubeIDE/plugins/com.st.stm32cube.ide.mcu.externaltools.gnu-tools-for-stm32.14.3.rel1.win32_1.0.100.202602081740/tools/bin/../lib/gcc/arm-none-eabi/14.3.1/../../../../arm-none-eabi/lib/thumb/v7e-m/nofp/crt0.o
LOAD F:\Project\CleanScout_rover\.build\cj_bridge_f411\cj_ring_buffer.o
LOAD F:\Project\CleanScout_rover\.build\cj_bridge_f411\cj_bridge_protocol.o
LOAD F:\Project\CleanScout_rover\.build\cj_bridge_f411\cj_bridge.o
LOAD F:\Project\CleanScout_rover\.build\cj_bridge_f411\main.o
LOAD F:\Project\CleanScout_rover\.build\cj_bridge_f411\startup_stm32f411xe.o
START GROUP
LOAD F:/CodeForge/STM32CubeIDE_2.1.0/STM32CubeIDE/plugins/com.st.stm32cube.ide.mcu.externaltools.gnu-tools-for-stm32.14.3.rel1.win32_1.0.100.202602081740/tools/bin/../lib/gcc/arm-none-eabi/14.3.1/thumb/v7e-m/nofp\libgcc.a
LOAD F:/CodeForge/STM32CubeIDE_2.1.0/STM32CubeIDE/plugins/com.st.stm32cube.ide.mcu.externaltools.gnu-tools-for-stm32.14.3.rel1.win32_1.0.100.202602081740/tools/bin/../lib/gcc/arm-none-eabi/14.3.1/../../../../arm-none-eabi/lib/thumb/v7e-m/nofp\libc_nano.a
END GROUP
START GROUP
LOAD F:/CodeForge/STM32CubeIDE_2.1.0/STM32CubeIDE/plugins/com.st.stm32cube.ide.mcu.externaltools.gnu-tools-for-stm32.14.3.rel1.win32_1.0.100.202602081740/tools/bin/../lib/gcc/arm-none-eabi/14.3.1/thumb/v7e-m/nofp\libgcc.a
LOAD F:/CodeForge/STM32CubeIDE_2.1.0/STM32CubeIDE/plugins/com.st.stm32cube.ide.mcu.externaltools.gnu-tools-for-stm32.14.3.rel1.win32_1.0.100.202602081740/tools/bin/../lib/gcc/arm-none-eabi/14.3.1/../../../../arm-none-eabi/lib/thumb/v7e-m/nofp\libc_nano.a
LOAD F:/CodeForge/STM32CubeIDE_2.1.0/STM32CubeIDE/plugins/com.st.stm32cube.ide.mcu.externaltools.gnu-tools-for-stm32.14.3.rel1.win32_1.0.100.202602081740/tools/bin/../lib/gcc/arm-none-eabi/14.3.1/../../../../arm-none-eabi/lib/thumb/v7e-m/nofp\libnosys.a
END GROUP
START GROUP
LOAD F:/CodeForge/STM32CubeIDE_2.1.0/STM32CubeIDE/plugins/com.st.stm32cube.ide.mcu.externaltools.gnu-tools-for-stm32.14.3.rel1.win32_1.0.100.202602081740/tools/bin/../lib/gcc/arm-none-eabi/14.3.1/thumb/v7e-m/nofp\libgcc.a
LOAD F:/CodeForge/STM32CubeIDE_2.1.0/STM32CubeIDE/plugins/com.st.stm32cube.ide.mcu.externaltools.gnu-tools-for-stm32.14.3.rel1.win32_1.0.100.202602081740/tools/bin/../lib/gcc/arm-none-eabi/14.3.1/../../../../arm-none-eabi/lib/thumb/v7e-m/nofp\libc_nano.a
LOAD F:/CodeForge/STM32CubeIDE_2.1.0/STM32CubeIDE/plugins/com.st.stm32cube.ide.mcu.externaltools.gnu-tools-for-stm32.14.3.rel1.win32_1.0.100.202602081740/tools/bin/../lib/gcc/arm-none-eabi/14.3.1/../../../../arm-none-eabi/lib/thumb/v7e-m/nofp\libnosys.a
END GROUP
LOAD F:/CodeForge/STM32CubeIDE_2.1.0/STM32CubeIDE/plugins/com.st.stm32cube.ide.mcu.externaltools.gnu-tools-for-stm32.14.3.rel1.win32_1.0.100.202602081740/tools/bin/../lib/gcc/arm-none-eabi/14.3.1/thumb/v7e-m/nofp/crtend.o
LOAD F:/CodeForge/STM32CubeIDE_2.1.0/STM32CubeIDE/plugins/com.st.stm32cube.ide.mcu.externaltools.gnu-tools-for-stm32.14.3.rel1.win32_1.0.100.202602081740/tools/bin/../lib/gcc/arm-none-eabi/14.3.1/thumb/v7e-m/nofp/crtn.o
                0x20020000                        _estack = (ORIGIN (RAM) + LENGTH (RAM))

.isr_vector     0x08000000      0x188
 *(.isr_vector)
 .isr_vector    0x08000000      0x188 F:\Project\CleanScout_rover\.build\cj_bridge_f411\startup_stm32f411xe.o
                0x08000000                g_pfnVectors

.text           0x08000188      0xc18
 *(.text*)
 .text          0x08000188       0x40 F:/CodeForge/STM32CubeIDE_2.1.0/STM32CubeIDE/plugins/com.st.stm32cube.ide.mcu.externaltools.gnu-tools-for-stm32.14.3.rel1.win32_1.0.100.202602081740/tools/bin/../lib/gcc/arm-none-eabi/14.3.1/thumb/v7e-m/nofp/crtbegin.o
 .text.cj_ring_buffer_init
                0x080001c8        0xc F:\Project\CleanScout_rover\.build\cj_bridge_f411\cj_ring_buffer.o
                0x080001c8                cj_ring_buffer_init
 .text.cj_ring_buffer_push
                0x080001d4       0x26 F:\Project\CleanScout_rover\.build\cj_bridge_f411\cj_ring_buffer.o
                0x080001d4                cj_ring_buffer_push
 .text.cj_ring_buffer_pop
                0x080001fa       0x28 F:\Project\CleanScout_rover\.build\cj_bridge_f411\cj_ring_buffer.o
                0x080001fa                cj_ring_buffer_pop
 .text.parser_reset
                0x08000222       0x12 F:\Project\CleanScout_rover\.build\cj_bridge_f411\cj_bridge_protocol.o
 .text.cj_protocol_parser_init
                0x08000234        0x4 F:\Project\CleanScout_rover\.build\cj_bridge_f411\cj_bridge_protocol.o
                0x08000234                cj_protocol_parser_init
 .text.cj_protocol_crc8_atm
                0x08000238       0x30 F:\Project\CleanScout_rover\.build\cj_bridge_f411\cj_bridge_protocol.o
                0x08000238                cj_protocol_crc8_atm
 .text.cj_protocol_parser_push
                0x08000268       0xe4 F:\Project\CleanScout_rover\.build\cj_bridge_f411\cj_bridge_protocol.o
                0x08000268                cj_protocol_parser_push
 .text.cj_protocol_build_frame
                0x0800034c       0x4c F:\Project\CleanScout_rover\.build\cj_bridge_f411\cj_bridge_protocol.o
                0x0800034c                cj_protocol_build_frame
 .text.send_j_message
                0x08000398       0x44 F:\Project\CleanScout_rover\.build\cj_bridge_f411\cj_bridge.o
 .text.set_state.part.0
                0x080003dc       0x10 F:\Project\CleanScout_rover\.build\cj_bridge_f411\cj_bridge.o
 .text.log_line.isra.0
                0x080003ec        0xa F:\Project\CleanScout_rover\.build\cj_bridge_f411\cj_bridge.o
 .text.cj_bridge_init
                0x080003f6       0x1c F:\Project\CleanScout_rover\.build\cj_bridge_f411\cj_bridge.o
                0x080003f6                cj_bridge_init
 *fill*         0x08000412        0x2 
 .text.cj_bridge_tick
                0x08000414       0x98 F:\Project\CleanScout_rover\.build\cj_bridge_f411\cj_bridge.o
                0x08000414                cj_bridge_tick
 .text.cj_bridge_on_uno_line
                0x080004ac       0x84 F:\Project\CleanScout_rover\.build\cj_bridge_f411\cj_bridge.o
                0x080004ac                cj_bridge_on_uno_line
 .text.cj_bridge_on_j_frame
                0x08000530       0xb0 F:\Project\CleanScout_rover\.build\cj_bridge_f411\cj_bridge.o
                0x08000530                cj_bridge_on_j_frame
 .text.cj_bridge_state_name
                0x080005e0       0x18 F:\Project\CleanScout_rover\.build\cj_bridge_f411\cj_bridge.o
                0x080005e0                cj_bridge_state_name
 .text.platform_millis
                0x080005f8        0xc F:\Project\CleanScout_rover\.build\cj_bridge_f411\main.o
 .text.usart_send_blocking
                0x08000604       0x24 F:\Project\CleanScout_rover\.build\cj_bridge_f411\main.o
 .text.platform_send_j_bytes
                0x08000628       0x14 F:\Project\CleanScout_rover\.build\cj_bridge_f411\main.o
 .text.copy_reason
                0x0800063c       0x24 F:\Project\CleanScout_rover\.build\cj_bridge_f411\main.o
 .text.platform_send_uno_line
                0x08000660       0x30 F:\Project\CleanScout_rover\.build\cj_bridge_f411\main.o
 .text.platform_log
                0x08000690       0x34 F:\Project\CleanScout_rover\.build\cj_bridge_f411\main.o
 .text.usart2_rx_isr
                0x080006c4        0xc F:\Project\CleanScout_rover\.build\cj_bridge_f411\main.o
                0x080006c4                usart2_rx_isr
 .text.usart1_rx_isr
                0x080006d0        0xc F:\Project\CleanScout_rover\.build\cj_bridge_f411\main.o
                0x080006d0                usart1_rx_isr
 .text.SysTick_Handler
                0x080006dc       0x10 F:\Project\CleanScout_rover\.build\cj_bridge_f411\main.o
                0x080006dc                SysTick_Handler
 .text.USART1_IRQHandler
                0x080006ec       0x40 F:\Project\CleanScout_rover\.build\cj_bridge_f411\main.o
                0x080006ec                USART1_IRQHandler
 .text.USART2_IRQHandler
                0x0800072c       0x40 F:\Project\CleanScout_rover\.build\cj_bridge_f411\main.o
                0x0800072c                USART2_IRQHandler
 .text.startup.main
                0x0800076c      0x43c F:\Project\CleanScout_rover\.build\cj_bridge_f411\main.o
                0x0800076c                main
 .text.Reset_Handler
                0x08000ba8       0x44 F:\Project\CleanScout_rover\.build\cj_bridge_f411\startup_stm32f411xe.o
                0x08000ba8                Reset_Handler
 .text.Default_Handler
                0x08000bec        0x2 F:\Project\CleanScout_rover\.build\cj_bridge_f411\startup_stm32f411xe.o
                0x08000bec                Default_Handler
 .text.memset   0x08000bee       0x10 F:/CodeForge/STM32CubeIDE_2.1.0/STM32CubeIDE/plugins/com.st.stm32cube.ide.mcu.externaltools.gnu-tools-for-stm32.14.3.rel1.win32_1.0.100.202602081740/tools/bin/../lib/gcc/arm-none-eabi/14.3.1/../../../../arm-none-eabi/lib/thumb/v7e-m/nofp\libc_nano.a(libc_a-memset.o)
                0x08000bee                memset
 .text.strncmp  0x08000bfe       0x24 F:/CodeForge/STM32CubeIDE_2.1.0/STM32CubeIDE/plugins/com.st.stm32cube.ide.mcu.externaltools.gnu-tools-for-stm32.14.3.rel1.win32_1.0.100.202602081740/tools/bin/../lib/gcc/arm-none-eabi/14.3.1/../../../../arm-none-eabi/lib/thumb/v7e-m/nofp\libc_nano.a(libc_a-strncmp.o)
                0x08000bfe                strncmp
 .text          0x08000c22       0x14 F:/CodeForge/STM32CubeIDE_2.1.0/STM32CubeIDE/plugins/com.st.stm32cube.ide.mcu.externaltools.gnu-tools-for-stm32.14.3.rel1.win32_1.0.100.202602081740/tools/bin/../lib/gcc/arm-none-eabi/14.3.1/../../../../arm-none-eabi/lib/thumb/v7e-m/nofp\libc_nano.a(libc_a-strcmp.o)
                0x08000c22                strcmp
 .text.memcpy   0x08000c36       0x1c F:/CodeForge/STM32CubeIDE_2.1.0/STM32CubeIDE/plugins/com.st.stm32cube.ide.mcu.externaltools.gnu-tools-for-stm32.14.3.rel1.win32_1.0.100.202602081740/tools/bin/../lib/gcc/arm-none-eabi/14.3.1/../../../../arm-none-eabi/lib/thumb/v7e-m/nofp\libc_nano.a(libc_a-memcpy-stub.o)
                0x08000c36                memcpy
 .text          0x08000c52       0x10 F:/CodeForge/STM32CubeIDE_2.1.0/STM32CubeIDE/plugins/com.st.stm32cube.ide.mcu.externaltools.gnu-tools-for-stm32.14.3.rel1.win32_1.0.100.202602081740/tools/bin/../lib/gcc/arm-none-eabi/14.3.1/../../../../arm-none-eabi/lib/thumb/v7e-m/nofp\libc_nano.a(libc_a-strlen.o)
                0x08000c52                strlen
 *(.rodata*)
 .rodata.cj_bridge_tick.str1.1
                0x08000c62      0x102 F:\Project\CleanScout_rover\.build\cj_bridge_f411\cj_bridge.o
                                 0x70 (size before relaxing)
 .rodata.cj_bridge_on_uno_line.str1.1
                0x08000d64       0x1e F:\Project\CleanScout_rover\.build\cj_bridge_f411\cj_bridge.o
 .rodata.cj_bridge_on_j_frame.str1.1
                0x08000d64       0x30 F:\Project\CleanScout_rover\.build\cj_bridge_f411\cj_bridge.o
 .rodata.cj_bridge_state_name.str1.1
                0x08000d64        0x8 F:\Project\CleanScout_rover\.build\cj_bridge_f411\cj_bridge.o
 .rodata.str1.1
                0x08000d64       0x3f F:\Project\CleanScout_rover\.build\cj_bridge_f411\cj_bridge.o
 .rodata.CSWTCH.11
                0x08000d64       0x14 F:\Project\CleanScout_rover\.build\cj_bridge_f411\cj_bridge.o
 .rodata.platform_log.str1.1
                0x08000d78        0x7 F:\Project\CleanScout_rover\.build\cj_bridge_f411\main.o
 .rodata.main.str1.1
                0x08000d78       0x28 F:\Project\CleanScout_rover\.build\cj_bridge_f411\main.o
 .rodata        0x08000d78       0x10 F:\Project\CleanScout_rover\.build\cj_bridge_f411\main.o
 *(.init)
 .init          0x08000d88        0x4 F:/CodeForge/STM32CubeIDE_2.1.0/STM32CubeIDE/plugins/com.st.stm32cube.ide.mcu.externaltools.gnu-tools-for-stm32.14.3.rel1.win32_1.0.100.202602081740/tools/bin/../lib/gcc/arm-none-eabi/14.3.1/thumb/v7e-m/nofp/crti.o
                0x08000d88                _init
 *(.fini)
 .fini          0x08000d8c        0x4 F:/CodeForge/STM32CubeIDE_2.1.0/STM32CubeIDE/plugins/com.st.stm32cube.ide.mcu.externaltools.gnu-tools-for-stm32.14.3.rel1.win32_1.0.100.202602081740/tools/bin/../lib/gcc/arm-none-eabi/14.3.1/thumb/v7e-m/nofp/crti.o
                0x08000d8c                _fini
 *(.glue_7)
 .glue_7        0x08000d90        0x0 linker stubs
 *(.glue_7t)
 .glue_7t       0x08000d90        0x0 linker stubs
 *(.eh_frame)
 .eh_frame      0x08000d90        0x0 F:/CodeForge/STM32CubeIDE_2.1.0/STM32CubeIDE/plugins/com.st.stm32cube.ide.mcu.externaltools.gnu-tools-for-stm32.14.3.rel1.win32_1.0.100.202602081740/tools/bin/../lib/gcc/arm-none-eabi/14.3.1/thumb/v7e-m/nofp/crtbegin.o
                0x08000da4                        . = ALIGN (0x4)
                0x08000d90                        __preinit_array_start = .
 *(.preinit_array*)
                0x08000d90                        __preinit_array_end = .
                0x08000da4                        . = ALIGN (0x4)
                0x08000d90                        __init_array_start = .
 *(SORT_BY_NAME(.init_array.*))
 *(.init_array*)
 .init_array    0x08000d90        0x4 F:/CodeForge/STM32CubeIDE_2.1.0/STM32CubeIDE/plugins/com.st.stm32cube.ide.mcu.externaltools.gnu-tools-for-stm32.14.3.rel1.win32_1.0.100.202602081740/tools/bin/../lib/gcc/arm-none-eabi/14.3.1/thumb/v7e-m/nofp/crtbegin.o
                0x08000d94                        __init_array_end = .
                0x08000da4                        . = ALIGN (0x4)
                0x08000d94                        __fini_array_start = .
 *(SORT_BY_NAME(.fini_array.*))
 *(.fini_array*)
 .fini_array    0x08000d94        0x4 F:/CodeForge/STM32CubeIDE_2.1.0/STM32CubeIDE/plugins/com.st.stm32cube.ide.mcu.externaltools.gnu-tools-for-stm32.14.3.rel1.win32_1.0.100.202602081740/tools/bin/../lib/gcc/arm-none-eabi/14.3.1/thumb/v7e-m/nofp/crtbegin.o
                0x08000d98                        __fini_array_end = .
                0x08000da4                        . = ALIGN (0x4)
 *(.ARM.exidx*)
 .ARM.exidx     0x08000d98        0x8 F:/CodeForge/STM32CubeIDE_2.1.0/STM32CubeIDE/plugins/com.st.stm32cube.ide.mcu.externaltools.gnu-tools-for-stm32.14.3.rel1.win32_1.0.100.202602081740/tools/bin/../lib/gcc/arm-none-eabi/14.3.1/../../../../arm-none-eabi/lib/thumb/v7e-m/nofp\libc_nano.a(libc_a-strcmp.o)
 .ARM.exidx     0x08000da0        0x0 F:/CodeForge/STM32CubeIDE_2.1.0/STM32CubeIDE/plugins/com.st.stm32cube.ide.mcu.externaltools.gnu-tools-for-stm32.14.3.rel1.win32_1.0.100.202602081740/tools/bin/../lib/gcc/arm-none-eabi/14.3.1/../../../../arm-none-eabi/lib/thumb/v7e-m/nofp\libc_nano.a(libc_a-strlen.o)
                                  0x8 (size before relaxing)
 *(.ARM.extab*)
                0x08000da0                        _etext = .
                0x08000da0                        _sidata = _etext

.vfp11_veneer   0x08000da0        0x0
 .vfp11_veneer  0x08000da0        0x0 linker stubs

.v4_bx          0x08000da0        0x0
 .v4_bx         0x08000da0        0x0 linker stubs

.iplt           0x08000da0        0x0
 .iplt          0x08000da0        0x0 F:/CodeForge/STM32CubeIDE_2.1.0/STM32CubeIDE/plugins/com.st.stm32cube.ide.mcu.externaltools.gnu-tools-for-stm32.14.3.rel1.win32_1.0.100.202602081740/tools/bin/../lib/gcc/arm-none-eabi/14.3.1/thumb/v7e-m/nofp/crtbegin.o

.rel.dyn        0x08000da0        0x0
 .rel.iplt      0x08000da0        0x0 F:/CodeForge/STM32CubeIDE_2.1.0/STM32CubeIDE/plugins/com.st.stm32cube.ide.mcu.externaltools.gnu-tools-for-stm32.14.3.rel1.win32_1.0.100.202602081740/tools/bin/../lib/gcc/arm-none-eabi/14.3.1/thumb/v7e-m/nofp/crtbegin.o

.data           0x20000000        0x1 load address 0x08000da0
                0x20000000                        _sdata = .
 *(.data*)
 .data.observed_bridge_state
                0x20000000        0x1 F:\Project\CleanScout_rover\.build\cj_bridge_f411\main.o
                0x20000001                        _edata = .

.igot.plt       0x20000004        0x0 load address 0x08000da4
 .igot.plt      0x20000004        0x0 F:/CodeForge/STM32CubeIDE_2.1.0/STM32CubeIDE/plugins/com.st.stm32cube.ide.mcu.externaltools.gnu-tools-for-stm32.14.3.rel1.win32_1.0.100.202602081740/tools/bin/../lib/gcc/arm-none-eabi/14.3.1/thumb/v7e-m/nofp/crtbegin.o

.bss            0x20000004      0x284 load address 0x08000da4
                0x20000004                        _sbss = .
 *(.bss*)
 .bss           0x20000004       0x1c F:/CodeForge/STM32CubeIDE_2.1.0/STM32CubeIDE/plugins/com.st.stm32cube.ide.mcu.externaltools.gnu-tools-for-stm32.14.3.rel1.win32_1.0.100.202602081740/tools/bin/../lib/gcc/arm-none-eabi/14.3.1/thumb/v7e-m/nofp/crtbegin.o
 .bss.last_j_keepalive_ms
                0x20000020        0x4 F:\Project\CleanScout_rover\.build\cj_bridge_f411\main.o
 .bss.last_uno_keepalive_ms
                0x20000024        0x4 F:\Project\CleanScout_rover\.build\cj_bridge_f411\main.o
 .bss.diag_last_fault_reason
                0x20000028       0x30 F:\Project\CleanScout_rover\.build\cj_bridge_f411\main.o
 .bss.diag_last_log_reason
                0x20000058       0x30 F:\Project\CleanScout_rover\.build\cj_bridge_f411\main.o
 .bss.diag_j_link_confirmed
                0x20000088        0x1 F:\Project\CleanScout_rover\.build\cj_bridge_f411\main.o
 .bss.diag_uno_link_confirmed
                0x20000089        0x1 F:\Project\CleanScout_rover\.build\cj_bridge_f411\main.o
 *fill*         0x2000008a        0x2 
 .bss.diag_early_j_result_count
                0x2000008c        0x4 F:\Project\CleanScout_rover\.build\cj_bridge_f411\main.o
 .bss.diag_arm_fail_count
                0x20000090        0x4 F:\Project\CleanScout_rover\.build\cj_bridge_f411\main.o
 .bss.diag_pick_timeout_count
                0x20000094        0x4 F:\Project\CleanScout_rover\.build\cj_bridge_f411\main.o
 .bss.diag_pick_done_count
                0x20000098        0x4 F:\Project\CleanScout_rover\.build\cj_bridge_f411\main.o
 .bss.diag_pick_window_sent_count
                0x2000009c        0x4 F:\Project\CleanScout_rover\.build\cj_bridge_f411\main.o
 .bss.diag_color_found_count
                0x200000a0        0x4 F:\Project\CleanScout_rover\.build\cj_bridge_f411\main.o
 .bss.diag_j_frame_count
                0x200000a4        0x4 F:\Project\CleanScout_rover\.build\cj_bridge_f411\main.o
 .bss.diag_j_ack_count
                0x200000a8        0x4 F:\Project\CleanScout_rover\.build\cj_bridge_f411\main.o
 .bss.diag_j_heartbeat_count
                0x200000ac        0x4 F:\Project\CleanScout_rover\.build\cj_bridge_f411\main.o
 .bss.diag_j_ping_sent_count
                0x200000b0        0x4 F:\Project\CleanScout_rover\.build\cj_bridge_f411\main.o
 .bss.diag_uno_ping_sent_count
                0x200000b4        0x4 F:\Project\CleanScout_rover\.build\cj_bridge_f411\main.o
 .bss.diag_uno_resume_ack_count
                0x200000b8        0x4 F:\Project\CleanScout_rover\.build\cj_bridge_f411\main.o
 .bss.diag_uno_stop_ack_count
                0x200000bc        0x4 F:\Project\CleanScout_rover\.build\cj_bridge_f411\main.o
 .bss.diag_uno_pong_count
                0x200000c0        0x4 F:\Project\CleanScout_rover\.build\cj_bridge_f411\main.o
 .bss.diag_usart2_error_count
                0x200000c4        0x4 F:\Project\CleanScout_rover\.build\cj_bridge_f411\main.o
 .bss.diag_usart1_error_count
                0x200000c8        0x4 F:\Project\CleanScout_rover\.build\cj_bridge_f411\main.o
 .bss.diag_usart2_tx_count
                0x200000cc        0x4 F:\Project\CleanScout_rover\.build\cj_bridge_f411\main.o
 .bss.diag_usart1_tx_count
                0x200000d0        0x4 F:\Project\CleanScout_rover\.build\cj_bridge_f411\main.o
 .bss.diag_usart2_rx_count
                0x200000d4        0x4 F:\Project\CleanScout_rover\.build\cj_bridge_f411\main.o
 .bss.diag_usart1_rx_count
                0x200000d8        0x4 F:\Project\CleanScout_rover\.build\cj_bridge_f411\main.o
 .bss.diag_last_state_transition_ms
                0x200000dc        0x4 F:\Project\CleanScout_rover\.build\cj_bridge_f411\main.o
 .bss.diag_bridge_state
                0x200000e0        0x1 F:\Project\CleanScout_rover\.build\cj_bridge_f411\main.o
 *fill*         0x200000e1        0x3 
 .bss.g_ms_ticks
                0x200000e4        0x4 F:\Project\CleanScout_rover\.build\cj_bridge_f411\main.o
 .bss.uno_line_length
                0x200000e8        0x1 F:\Project\CleanScout_rover\.build\cj_bridge_f411\main.o
 .bss.uno_line_buffer
                0x200000e9       0x20 F:\Project\CleanScout_rover\.build\cj_bridge_f411\main.o
 .bss.j_parser  0x20000109       0x2b F:\Project\CleanScout_rover\.build\cj_bridge_f411\main.o
 .bss.bridge    0x20000134       0x34 F:\Project\CleanScout_rover\.build\cj_bridge_f411\main.o
 .bss.j_rx_buffer
                0x20000168       0x10 F:\Project\CleanScout_rover\.build\cj_bridge_f411\main.o
 .bss.uno_rx_buffer
                0x20000178       0x10 F:\Project\CleanScout_rover\.build\cj_bridge_f411\main.o
 .bss.j_rx_storage
                0x20000188       0x80 F:\Project\CleanScout_rover\.build\cj_bridge_f411\main.o
 .bss.uno_rx_storage
                0x20000208       0x80 F:\Project\CleanScout_rover\.build\cj_bridge_f411\main.o
 *(COMMON)
                0x20000288                        _ebss = .
                0x20000288                        . = ALIGN (0x8)
                0x20000288                        _end = .
OUTPUT(F:\Project\CleanScout_rover\artifacts\C-1.2.2\f411\cj_bridge_f411.elf elf32-littlearm)
LOAD linker stubs

.ARM.attributes
                0x00000000       0x2a
 .ARM.attributes
                0x00000000       0x1e F:/CodeForge/STM32CubeIDE_2.1.0/STM32CubeIDE/plugins/com.st.stm32cube.ide.mcu.externaltools.gnu-tools-for-stm32.14.3.rel1.win32_1.0.100.202602081740/tools/bin/../lib/gcc/arm-none-eabi/14.3.1/thumb/v7e-m/nofp/crti.o
 .ARM.attributes
                0x0000001e       0x2e F:/CodeForge/STM32CubeIDE_2.1.0/STM32CubeIDE/plugins/com.st.stm32cube.ide.mcu.externaltools.gnu-tools-for-stm32.14.3.rel1.win32_1.0.100.202602081740/tools/bin/../lib/gcc/arm-none-eabi/14.3.1/thumb/v7e-m/nofp/crtbegin.o
 .ARM.attributes
                0x0000004c       0x2e F:\Project\CleanScout_rover\.build\cj_bridge_f411\cj_ring_buffer.o
 .ARM.attributes
                0x0000007a       0x2e F:\Project\CleanScout_rover\.build\cj_bridge_f411\cj_bridge_protocol.o
 .ARM.attributes
                0x000000a8       0x2e F:\Project\CleanScout_rover\.build\cj_bridge_f411\cj_bridge.o
 .ARM.attributes
                0x000000d6       0x2e F:\Project\CleanScout_rover\.build\cj_bridge_f411\main.o
 .ARM.attributes
                0x00000104       0x21 F:\Project\CleanScout_rover\.build\cj_bridge_f411\startup_stm32f411xe.o
 .ARM.attributes
                0x00000125       0x2e F:/CodeForge/STM32CubeIDE_2.1.0/STM32CubeIDE/plugins/com.st.stm32cube.ide.mcu.externaltools.gnu-tools-for-stm32.14.3.rel1.win32_1.0.100.202602081740/tools/bin/../lib/gcc/arm-none-eabi/14.3.1/../../../../arm-none-eabi/lib/thumb/v7e-m/nofp\libc_nano.a(libc_a-memset.o)
 .ARM.attributes
                0x00000153       0x2e F:/CodeForge/STM32CubeIDE_2.1.0/STM32CubeIDE/plugins/com.st.stm32cube.ide.mcu.externaltools.gnu-tools-for-stm32.14.3.rel1.win32_1.0.100.202602081740/tools/bin/../lib/gcc/arm-none-eabi/14.3.1/../../../../arm-none-eabi/lib/thumb/v7e-m/nofp\libc_nano.a(libc_a-strncmp.o)
 .ARM.attributes
                0x00000181       0x1c F:/CodeForge/STM32CubeIDE_2.1.0/STM32CubeIDE/plugins/com.st.stm32cube.ide.mcu.externaltools.gnu-tools-for-stm32.14.3.rel1.win32_1.0.100.202602081740/tools/bin/../lib/gcc/arm-none-eabi/14.3.1/../../../../arm-none-eabi/lib/thumb/v7e-m/nofp\libc_nano.a(libc_a-strcmp.o)
 .ARM.attributes
                0x0000019d       0x2e F:/CodeForge/STM32CubeIDE_2.1.0/STM32CubeIDE/plugins/com.st.stm32cube.ide.mcu.externaltools.gnu-tools-for-stm32.14.3.rel1.win32_1.0.100.202602081740/tools/bin/../lib/gcc/arm-none-eabi/14.3.1/../../../../arm-none-eabi/lib/thumb/v7e-m/nofp\libc_nano.a(libc_a-memcpy-stub.o)
 .ARM.attributes
                0x000001cb       0x17 F:/CodeForge/STM32CubeIDE_2.1.0/STM32CubeIDE/plugins/com.st.stm32cube.ide.mcu.externaltools.gnu-tools-for-stm32.14.3.rel1.win32_1.0.100.202602081740/tools/bin/../lib/gcc/arm-none-eabi/14.3.1/../../../../arm-none-eabi/lib/thumb/v7e-m/nofp\libc_nano.a(libc_a-strlen.o)

.comment        0x00000000       0x43
 .comment       0x00000000       0x43 F:\Project\CleanScout_rover\.build\cj_bridge_f411\cj_ring_buffer.o
                                 0x44 (size before relaxing)
 .comment       0x00000043       0x44 F:\Project\CleanScout_rover\.build\cj_bridge_f411\cj_bridge_protocol.o
 .comment       0x00000043       0x44 F:\Project\CleanScout_rover\.build\cj_bridge_f411\cj_bridge.o
 .comment       0x00000043       0x44 F:\Project\CleanScout_rover\.build\cj_bridge_f411\main.o

.debug_frame    0x00000000       0xb0
 .debug_frame   0x00000000       0x20 F:/CodeForge/STM32CubeIDE_2.1.0/STM32CubeIDE/plugins/com.st.stm32cube.ide.mcu.externaltools.gnu-tools-for-stm32.14.3.rel1.win32_1.0.100.202602081740/tools/bin/../lib/gcc/arm-none-eabi/14.3.1/../../../../arm-none-eabi/lib/thumb/v7e-m/nofp\libc_nano.a(libc_a-memset.o)
 .debug_frame   0x00000020       0x28 F:/CodeForge/STM32CubeIDE_2.1.0/STM32CubeIDE/plugins/com.st.stm32cube.ide.mcu.externaltools.gnu-tools-for-stm32.14.3.rel1.win32_1.0.100.202602081740/tools/bin/../lib/gcc/arm-none-eabi/14.3.1/../../../../arm-none-eabi/lib/thumb/v7e-m/nofp\libc_nano.a(libc_a-strncmp.o)
 .debug_frame   0x00000048       0x20 F:/CodeForge/STM32CubeIDE_2.1.0/STM32CubeIDE/plugins/com.st.stm32cube.ide.mcu.externaltools.gnu-tools-for-stm32.14.3.rel1.win32_1.0.100.202602081740/tools/bin/../lib/gcc/arm-none-eabi/14.3.1/../../../../arm-none-eabi/lib/thumb/v7e-m/nofp\libc_nano.a(libc_a-strcmp.o)
 .debug_frame   0x00000068       0x28 F:/CodeForge/STM32CubeIDE_2.1.0/STM32CubeIDE/plugins/com.st.stm32cube.ide.mcu.externaltools.gnu-tools-for-stm32.14.3.rel1.win32_1.0.100.202602081740/tools/bin/../lib/gcc/arm-none-eabi/14.3.1/../../../../arm-none-eabi/lib/thumb/v7e-m/nofp\libc_nano.a(libc_a-memcpy-stub.o)
 .debug_frame   0x00000090       0x20 F:/CodeForge/STM32CubeIDE_2.1.0/STM32CubeIDE/plugins/com.st.stm32cube.ide.mcu.externaltools.gnu-tools-for-stm32.14.3.rel1.win32_1.0.100.202602081740/tools/bin/../lib/gcc/arm-none-eabi/14.3.1/../../../../arm-none-eabi/lib/thumb/v7e-m/nofp\libc_nano.a(libc_a-strlen.o)
